Component: ARM Compiler 5.05 update 1 (build 106) Tool: armlink [4d0efa]

==============================================================================

Section Cross References

    gd32f303c_bia.o(i.gd_eval_com_init) refers to gd32f30x_rcu.o(i.rcu_periph_clock_enable) for rcu_periph_clock_enable
    gd32f303c_bia.o(i.gd_eval_com_init) refers to gd32f30x_gpio.o(i.gpio_init) for gpio_init
    gd32f303c_bia.o(i.gd_eval_com_init) refers to gd32f30x_usart.o(i.usart_deinit) for usart_deinit
    gd32f303c_bia.o(i.gd_eval_com_init) refers to gd32f30x_usart.o(i.usart_baudrate_set) for usart_baudrate_set
    gd32f303c_bia.o(i.gd_eval_com_init) refers to gd32f30x_usart.o(i.usart_receive_config) for usart_receive_config
    gd32f303c_bia.o(i.gd_eval_com_init) refers to gd32f30x_usart.o(i.usart_transmit_config) for usart_transmit_config
    gd32f303c_bia.o(i.gd_eval_com_init) refers to gd32f30x_usart.o(i.usart_enable) for usart_enable
    gd32f303c_bia.o(i.gd_eval_com_init) refers to gd32f303c_bia.o(.data) for COM_GPIO_CLK
    main.o(i.TIMER3_IRQHandler) refers to gd32f30x_timer.o(i.timer_interrupt_flag_get) for timer_interrupt_flag_get
    main.o(i.TIMER3_IRQHandler) refers to main.o(i.calculate_heart) for calculate_heart
    main.o(i.TIMER3_IRQHandler) refers to gd32f30x_timer.o(i.timer_interrupt_flag_clear) for timer_interrupt_flag_clear
    main.o(i.applyFilter) refers to f2d.o(.text) for __aeabi_f2d
    main.o(i.applyFilter) refers to dmul.o(.text) for __aeabi_dmul
    main.o(i.applyFilter) refers to ddiv.o(.text) for __aeabi_ddiv
    main.o(i.applyFilter) refers to d2f.o(.text) for __aeabi_d2f
    main.o(i.calculate_NN50) refers to main.o(.data) for NN50
    main.o(i.calculate_RMSSD) refers to dflti.o(.text) for __aeabi_i2d
    main.o(i.calculate_RMSSD) refers to pow.o(i.__hardfp_pow) for __hardfp_pow
    main.o(i.calculate_RMSSD) refers to f2d.o(.text) for __aeabi_f2d
    main.o(i.calculate_RMSSD) refers to dadd.o(.text) for __aeabi_dadd
    main.o(i.calculate_RMSSD) refers to d2f.o(.text) for __aeabi_d2f
    main.o(i.calculate_RMSSD) refers to sqrt.o(i.__hardfp_sqrt) for __hardfp_sqrt
    main.o(i.calculate_SD) refers to f2d.o(.text) for __aeabi_f2d
    main.o(i.calculate_SD) refers to pow.o(i.__hardfp_pow) for __hardfp_pow
    main.o(i.calculate_SD) refers to dadd.o(.text) for __aeabi_dadd
    main.o(i.calculate_SD) refers to d2f.o(.text) for __aeabi_d2f
    main.o(i.calculate_SD) refers to sqrt.o(i.__hardfp_sqrt) for __hardfp_sqrt
    main.o(i.calculate_heart) refers to gd32f30x_adc.o(i.adc_flag_clear) for adc_flag_clear
    main.o(i.calculate_heart) refers to gd32f30x_adc.o(i.adc_flag_get) for adc_flag_get
    main.o(i.calculate_heart) refers to main.o(.data) for Signal
    main.o(i.calculate_heart) refers to main.o(.bss) for IBI_array
    main.o(i.calculate_hrv) refers to main.o(i.calculate_NN50) for calculate_NN50
    main.o(i.calculate_hrv) refers to main.o(i.calculate_PNN50) for calculate_PNN50
    main.o(i.calculate_hrv) refers to printfa.o(i.__0printf) for __2printf
    main.o(i.calculate_hrv) refers to main.o(i.calculate_SD) for calculate_SD
    main.o(i.calculate_hrv) refers to main.o(i.calculate_RMSSD) for calculate_RMSSD
    main.o(i.calculate_hrv) refers to main.o(.data) for NN_total
    main.o(i.calculate_hrv) refers to main.o(.bss) for copy_IBI_data
    main.o(i.find_peak) refers to main.o(.data) for falling_flag
    main.o(i.insert_alternate_min_max) refers to main.o(.bss) for heart_rate_array
    main.o(i.insert_alternate_min_max) refers to main.o(.data) for should_replace_min
    main.o(i.main) refers to uart.o(i.USART_Init) for USART_Init
    main.o(i.main) refers to systick.o(i.systick_config) for systick_config
    main.o(i.main) refers to adc.o(i.rcu_config) for rcu_config
    main.o(i.main) refers to adc.o(i.adc_gpio_config) for adc_gpio_config
    main.o(i.main) refers to timer.o(i.timer_config) for timer_config
    main.o(i.main) refers to adc.o(i.adc_config) for adc_config
    main.o(i.main) refers to adc.o(i.ppg_adc_config) for ppg_adc_config
    main.o(i.main) refers to gd32f30x_adc.o(i.adc_software_trigger_enable) for adc_software_trigger_enable
    main.o(i.main) refers to timer.o(i.timer3_config) for timer3_config
    main.o(i.main) refers to main.o(i.kalman_init) for kalman_init
    main.o(i.main) refers to main.o(i.start_os) for start_os
    main.o(i.main) refers to main.o(.bss) for kf
    main.o(i.moving_average_filter) refers to main.o(.bss) for window
    main.o(i.moving_average_filter) refers to main.o(.data) for window_index
    main.o(i.start_os) refers to tasks.o(i.xTaskCreate) for xTaskCreate
    main.o(i.start_os) refers to tasks.o(i.vTaskStartScheduler) for vTaskStartScheduler
    main.o(i.start_os) refers to main.o(.data) for start_task_Handler
    main.o(i.start_os) refers to main.o(i.start_task) for start_task
    main.o(i.start_task) refers to port.o(i.vPortEnterCritical) for vPortEnterCritical
[...]
    i.prvCopyDataFromQueue                   0x08003da0   Section        0  queue.o(i.prvCopyDataFromQueue)
    prvCopyDataFromQueue                     0x08003da1   Thumb Code    42  queue.o(i.prvCopyDataFromQueue)
    i.prvDeleteTCB                           0x08003dca   Section        0  tasks.o(i.prvDeleteTCB)
    prvDeleteTCB                             0x08003dcb   Thumb Code    18  tasks.o(i.prvDeleteTCB)
    i.prvGetNextExpireTime                   0x08003ddc   Section        0  timers.o(i.prvGetNextExpireTime)
    prvGetNextExpireTime                     0x08003ddd   Thumb Code    36  timers.o(i.prvGetNextExpireTime)
    i.prvHeapInit                            0x08003e04   Section        0  heap_4.o(i.prvHeapInit)
    prvHeapInit                              0x08003e05   Thumb Code    90  heap_4.o(i.prvHeapInit)
    i.prvIdleTask                            0x08003e74   Section        0  tasks.o(i.prvIdleTask)
    prvIdleTask                              0x08003e75   Thumb Code    32  tasks.o(i.prvIdleTask)
    i.prvInitialiseNewQueue                  0x08003e9c   Section        0  queue.o(i.prvInitialiseNewQueue)
    prvInitialiseNewQueue                    0x08003e9d   Thumb Code    38  queue.o(i.prvInitialiseNewQueue)
    i.prvInitialiseNewTask                   0x08003ec2   Section        0  tasks.o(i.prvInitialiseNewTask)
    prvInitialiseNewTask                     0x08003ec3   Thumb Code   194  tasks.o(i.prvInitialiseNewTask)
    i.prvInitialiseTaskLists                 0x08003f84   Section        0  tasks.o(i.prvInitialiseTaskLists)
    prvInitialiseTaskLists                   0x08003f85   Thumb Code    70  tasks.o(i.prvInitialiseTaskLists)
    i.prvInsertBlockIntoFreeList             0x08003fec   Section        0  heap_4.o(i.prvInsertBlockIntoFreeList)
    prvInsertBlockIntoFreeList               0x08003fed   Thumb Code    96  heap_4.o(i.prvInsertBlockIntoFreeList)
    i.prvInsertTimerInActiveList             0x08004054   Section        0  timers.o(i.prvInsertTimerInActiveList)
    prvInsertTimerInActiveList               0x08004055   Thumb Code    80  timers.o(i.prvInsertTimerInActiveList)
    i.prvIsQueueEmpty                        0x080040ac   Section        0  queue.o(i.prvIsQueueEmpty)
    prvIsQueueEmpty                          0x080040ad   Thumb Code    26  queue.o(i.prvIsQueueEmpty)
    i.prvProcessExpiredTimer                 0x080040c8   Section        0  timers.o(i.prvProcessExpiredTimer)
    prvProcessExpiredTimer                   0x080040c9   Thumb Code    62  timers.o(i.prvProcessExpiredTimer)
    i.prvProcessReceivedCommands             0x0800410c   Section        0  timers.o(i.prvProcessReceivedCommands)
    prvProcessReceivedCommands               0x0800410d   Thumb Code   280  timers.o(i.prvProcessReceivedCommands)
    i.prvProcessTimerOrBlockTask             0x08004228   Section        0  timers.o(i.prvProcessTimerOrBlockTask)
    prvProcessTimerOrBlockTask               0x08004229   Thumb Code   102  timers.o(i.prvProcessTimerOrBlockTask)
    i.prvReloadTimer                         0x0800429c   Section        0  timers.o(i.prvReloadTimer)
    prvReloadTimer                           0x0800429d   Thumb Code    40  timers.o(i.prvReloadTimer)
    i.prvResetNextTaskUnblockTime            0x080042c4   Section        0  tasks.o(i.prvResetNextTaskUnblockTime)
    prvResetNextTaskUnblockTime              0x080042c5   Thumb Code    40  tasks.o(i.prvResetNextTaskUnblockTime)
    i.prvSampleTimeNow                       0x080042f4   Section        0  timers.o(i.prvSampleTimeNow)
    prvSampleTimeNow                         0x080042f5   Thumb Code    40  timers.o(i.prvSampleTimeNow)
    i.prvSwitchTimerLists                    0x08004320   Section        0  timers.o(i.prvSwitchTimerLists)
    prvSwitchTimerLists                      0x08004321   Thumb Code    58  timers.o(i.prvSwitchTimerLists)
    i.prvTaskExitError                       0x08004364   Section        0  port.o(i.prvTaskExitError)
    prvTaskExitError                         0x08004365   Thumb Code    60  port.o(i.prvTaskExitError)
    i.prvTimerTask                           0x080043a4   Section        0  timers.o(i.prvTimerTask)
    prvTimerTask                             0x080043a5   Thumb Code    26  timers.o(i.prvTimerTask)
    i.prvUnlockQueue                         0x080043be   Section        0  queue.o(i.prvUnlockQueue)
    prvUnlockQueue                           0x080043bf   Thumb Code   126  queue.o(i.prvUnlockQueue)
    i.pvPortMalloc                           0x0800443c   Section        0  heap_4.o(i.pvPortMalloc)
    i.pxPortInitialiseStack                  0x08004568   Section        0  port.o(i.pxPortInitialiseStack)
    i.rcu_adc_clock_config                   0x08004594   Section        0  gd32f30x_rcu.o(i.rcu_adc_clock_config)
    i.rcu_clock_freq_get                     0x08004600   Section        0  gd32f30x_rcu.o(i.rcu_clock_freq_get)
    i.rcu_config                             0x08004758   Section        0  adc.o(i.rcu_config)
    i.rcu_periph_clock_disable               0x08004774   Section        0  gd32f30x_rcu.o(i.rcu_periph_clock_disable)
    i.rcu_periph_clock_enable                0x08004794   Section        0  gd32f30x_rcu.o(i.rcu_periph_clock_enable)
    i.rcu_periph_reset_disable               0x080047b4   Section        0  gd32f30x_rcu.o(i.rcu_periph_reset_disable)
    i.rcu_periph_reset_enable                0x080047d4   Section        0  gd32f30x_rcu.o(i.rcu_periph_reset_enable)
    i.send_at_command                        0x080047f4   Section        0  uart.o(i.send_at_command)
    i.sqrt                                   0x08004864   Section        0  sqrt.o(i.sqrt)
    i.start_os                               0x080048d4   Section        0  main.o(i.start_os)
    i.start_task                             0x08004904   Section        0  main.o(i.start_task)
    i.system_clock_120m_hxtal                0x0800498c   Section        0  system_gd32f30x.o(i.system_clock_120m_hxtal)
    system_clock_120m_hxtal                  0x0800498d   Thumb Code   258  system_gd32f30x.o(i.system_clock_120m_hxtal)
    i.system_clock_config                    0x08004aa0   Section        0  system_gd32f30x.o(i.system_clock_config)
    system_clock_config                      0x08004aa1   Thumb Code     8  system_gd32f30x.o(i.system_clock_config)
    i.systick_config                         0x08004aa8   Section        0  systick.o(i.systick_config)
    i.task1                                  0x08004af8   Section        0  main.o(i.task1)
    i.task2                                  0x08004d24   Section        0  main.o(i.task2)
    i.task3                                  0x08004dc4   Section        0  main.o(i.task3)
    i.timer3_config                          0x08004de0   Section        0  timer.o(i.timer3_config)
    i.timer_auto_reload_shadow_enable        0x08004e44   Section        0  gd32f30x_timer.o(i.timer_auto_reload_shadow_enable)
    i.timer_channel_output_config            0x08004e50   Section        0  gd32f30x_timer.o(i.timer_channel_output_config)
    i.timer_channel_output_mode_config       0x0800503c   Section        0  gd32f30x_timer.o(i.timer_channel_output_mode_config)
    i.timer_channel_output_pulse_value_config 0x08005096   Section        0  gd32f30x_timer.o(i.timer_channel_output_pulse_value_config)
    i.timer_channel_output_shadow_config     0x080050bc   Section        0  gd32f30x_timer.o(i.timer_channel_output_shadow_config)
    i.timer_channel_output_struct_para_init  0x08005116   Section        0  gd32f30x_timer.o(i.timer_channel_output_struct_para_init)
    i.timer_config                           0x08005126   Section        0  timer.o(i.timer_config)
    i.timer_deinit                           0x080051c8   Section        0  gd32f30x_timer.o(i.timer_deinit)
    i.timer_enable                           0x080052a4   Section        0  gd32f30x_timer.o(i.timer_enable)
    i.timer_init                             0x080052b0   Section        0  gd32f30x_timer.o(i.timer_init)
    i.timer_interrupt_enable                 0x08005348   Section        0  gd32f30x_timer.o(i.timer_interrupt_enable)
    i.timer_interrupt_flag_clear             0x08005350   Section        0  gd32f30x_timer.o(i.timer_interrupt_flag_clear)
    i.timer_interrupt_flag_get               0x08005356   Section        0  gd32f30x_timer.o(i.timer_interrupt_flag_get)
    i.update_breath                          0x08005370   Section        0  main.o(i.update_breath)
    i.usart_baudrate_set                     0x0800551c   Section        0  gd32f30x_usart.o(i.usart_baudrate_set)
    i.usart_data_receive                     0x080055ac   Section        0  gd32f30x_usart.o(i.usart_data_receive)
    i.usart_data_transmit                    0x080055b6   Section        0  gd32f30x_usart.o(i.usart_data_transmit)
    i.usart_deinit                           0x080055c0   Section        0  gd32f30x_usart.o(i.usart_deinit)
    i.usart_enable                           0x08005650   Section        0  gd32f30x_usart.o(i.usart_enable)
    i.usart_flag_get                         0x0800565a   Section        0  gd32f30x_usart.o(i.usart_flag_get)
    i.usart_hardware_flow_cts_config         0x08005678   Section        0  gd32f30x_usart.o(i.usart_hardware_flow_cts_config)
    i.usart_hardware_flow_rts_config         0x08005688   Section        0  gd32f30x_usart.o(i.usart_hardware_flow_rts_config)
    i.usart_interrupt_enable                 0x08005698   Section        0  gd32f30x_usart.o(i.usart_interrupt_enable)
    i.usart_interrupt_flag_get               0x080056b2   Section        0  gd32f30x_usart.o(i.usart_interrupt_flag_get)
    i.usart_parity_config                    0x080056ea   Section        0  gd32f30x_usart.o(i.usart_parity_config)
    i.usart_receive_config                   0x080056fa   Section        0  gd32f30x_usart.o(i.usart_receive_config)
    i.usart_stop_bit_set                     0x0800570a   Section        0  gd32f30x_usart.o(i.usart_stop_bit_set)
    i.usart_transmit_config                  0x0800571a   Section        0  gd32f30x_usart.o(i.usart_transmit_config)
    i.usart_word_length_set                  0x0800572a   Section        0  gd32f30x_usart.o(i.usart_word_length_set)
    i.uxListRemove                           0x0800573a   Section        0  list.o(i.uxListRemove)
    i.vListInitialise                        0x08005762   Section        0  list.o(i.vListInitialise)
    i.vListInitialiseItem                    0x0800577c   Section        0  list.o(i.vListInitialiseItem)
    i.vListInsert                            0x08005782   Section        0  list.o(i.vListInsert)
    i.vListInsertEnd                         0x080057b6   Section        0  list.o(i.vListInsertEnd)
    i.vPortEnterCritical                     0x080057d0   Section        0  port.o(i.vPortEnterCritical)
    i.vPortExitCritical                      0x08005824   Section        0  port.o(i.vPortExitCritical)
    i.vPortFree                              0x08005860   Section        0  heap_4.o(i.vPortFree)
    i.vPortSetupTimerInterrupt               0x080058ec   Section        0  port.o(i.vPortSetupTimerInterrupt)
    i.vQueueWaitForMessageRestricted         0x08005914   Section        0  queue.o(i.vQueueWaitForMessageRestricted)
    i.vTaskDelay                             0x08005960   Section        0  tasks.o(i.vTaskDelay)
    i.vTaskDelete                            0x080059bc   Section        0  tasks.o(i.vTaskDelete)
    i.vTaskInternalSetTimeOutState           0x08005ab8   Section        0  tasks.o(i.vTaskInternalSetTimeOutState)
    i.vTaskMissedYield                       0x08005ad0   Section        0  tasks.o(i.vTaskMissedYield)
    i.vTaskPlaceOnEventList                  0x08005adc   Section        0  tasks.o(i.vTaskPlaceOnEventList)
    i.vTaskPlaceOnEventListRestricted        0x08005b14   Section        0  tasks.o(i.vTaskPlaceOnEventListRestricted)
    i.vTaskStartScheduler                    0x08005b78   Section        0  tasks.o(i.vTaskStartScheduler)
    i.vTaskSuspendAll                        0x08005c14   Section        0  tasks.o(i.vTaskSuspendAll)
    i.vTaskSwitchContext                     0x08005c24   Section        0  tasks.o(i.vTaskSwitchContext)
    i.xPortStartScheduler                    0x08005cb0   Section        0  port.o(i.xPortStartScheduler)
    i.xPortSysTickHandler                    0x08005e18   Section        0  port.o(i.xPortSysTickHandler)
    i.xQueueGenericCreate                    0x08005e4c   Section        0  queue.o(i.xQueueGenericCreate)
    i.xQueueGenericReset                     0x08005eb4   Section        0  queue.o(i.xQueueGenericReset)
    i.xQueueReceive                          0x08005f90   Section        0  queue.o(i.xQueueReceive)
    i.xTaskCheckForTimeOut                   0x080060f8   Section        0  tasks.o(i.xTaskCheckForTimeOut)
    i.xTaskCreate                            0x08006188   Section        0  tasks.o(i.xTaskCreate)
    i.xTaskGetSchedulerState                 0x080061f0   Section        0  tasks.o(i.xTaskGetSchedulerState)
    i.xTaskGetTickCount                      0x08006210   Section        0  tasks.o(i.xTaskGetTickCount)
    i.xTaskIncrementTick                     0x0800621c   Section        0  tasks.o(i.xTaskIncrementTick)
    i.xTaskRemoveFromEventList               0x080063d8   Section        0  tasks.o(i.xTaskRemoveFromEventList)
    i.xTaskResumeAll                         0x080064f8   Section        0  tasks.o(i.xTaskResumeAll)
    i.xTimerCreateTimerTask                  0x08006670   Section        0  timers.o(i.xTimerCreateTimerTask)
    .constdata                               0x080066c8   Section      136  pow.o(.constdata)
    bp                                       0x080066c8   Data          16  pow.o(.constdata)
    dp_h                                     0x080066d8   Data          16  pow.o(.constdata)
    dp_l                                     0x080066e8   Data          16  pow.o(.constdata)
    L                                        0x080066f8   Data          48  pow.o(.constdata)
    P                                        0x08006728   Data          40  pow.o(.constdata)
    .constdata                               0x08006750   Section        8  qnan.o(.constdata)
    .data                                    0x20000000   Section      209  main.o(.data)
    window_sum                               0x200000c4   Data           4  main.o(.data)
    window_index                             0x200000c8   Data           4  main.o(.data)
    pre_breath_data                          0x200000cc   Data           4  main.o(.data)
    start_find_breath_flag                   0x200000d0   Data           1  main.o(.data)
    .data                                    0x200000d4   Section        4  systick.o(.data)
    delay                                    0x200000d4   Data           4  systick.o(.data)
    .data                                    0x200000d8   Section        4  system_gd32f30x.o(.data)
    .data                                    0x200000dc   Section        4  uart.o(.data)
    .data                                    0x200000e0   Section        1  gd_i2c.o(.data)
    i2c_onceflag                             0x200000e0   Data           1  gd_i2c.o(.data)
    .data                                    0x200000e4   Section       64  tasks.o(.data)
    pxDelayedTaskList                        0x200000e8   Data           4  tasks.o(.data)
    pxOverflowDelayedTaskList                0x200000ec   Data           4  tasks.o(.data)
    uxDeletedTasksWaitingCleanUp             0x200000f0   Data           4  tasks.o(.data)
    uxCurrentNumberOfTasks                   0x200000f4   Data           4  tasks.o(.data)
    xTickCount                               0x200000f8   Data           4  tasks.o(.data)
    uxTopReadyPriority                       0x200000fc   Data           4  tasks.o(.data)
    xSchedulerRunning                        0x20000100   Data           4  tasks.o(.data)
    xPendedTicks                             0x20000104   Data           4  tasks.o(.data)
    xYieldPending                            0x20000108   Data           4  tasks.o(.data)
    xNumOfOverflows                          0x2000010c   Data           4  tasks.o(.data)
    uxTaskNumber                             0x20000110   Data           4  tasks.o(.data)
    xNextTaskUnblockTime                     0x20000114   Data           4  tasks.o(.data)
    xIdleTaskHandle                          0x20000118   Data           4  tasks.o(.data)
    uxSchedulerSuspended                     0x20000120   Data           4  tasks.o(.data)
    .data                                    0x20000124   Section       20  timers.o(.data)
    pxCurrentTimerList                       0x20000124   Data           4  timers.o(.data)
    pxOverflowTimerList                      0x20000128   Data           4  timers.o(.data)
    xTimerQueue                              0x2000012c   Data           4  timers.o(.data)
    xTimerTaskHandle                         0x20000130   Data           4  timers.o(.data)
    xLastTime                                0x20000134   Data           4  timers.o(.data)
    .data                                    0x20000138   Section       28  heap_4.o(.data)
    xStart                                   0x20000138   Data           8  heap_4.o(.data)
    pxEnd                                    0x20000140   Data           4  heap_4.o(.data)
    xFreeBytesRemaining                      0x20000144   Data           4  heap_4.o(.data)
    xMinimumEverFreeBytesRemaining           0x20000148   Data           4  heap_4.o(.data)
    xNumberOfSuccessfulAllocations           0x2000014c   Data           4  heap_4.o(.data)
    xNumberOfSuccessfulFrees                 0x20000150   Data           4  heap_4.o(.data)
    .data                                    0x20000154   Section       12  port.o(.data)
    uxCriticalNesting                        0x20000154   Data           4  port.o(.data)
    ucMaxSysCallPriority                     0x20000158   Data           1  port.o(.data)
    ulMaxPRIGROUPValue                       0x2000015c   Data           4  port.o(.data)
    .data                                    0x20000160   Section        4  stdout.o(.data)
    .data                                    0x20000164   Section        4  errno.o(.data)
    _errno                                   0x20000164   Data           4  errno.o(.data)
    .bss                                     0x20000168   Section      400  main.o(.bss)
    window                                   0x200002a8   Data          80  main.o(.bss)
    .bss                                     0x200002f8   Section      200  uart.o(.bss)
    .bss                                     0x200003c0   Section      260  tasks.o(.bss)
    pxReadyTasksLists                        0x200003c0   Data         160  tasks.o(.bss)
    xDelayedTaskList1                        0x20000460   Data          20  tasks.o(.bss)
    xDelayedTaskList2                        0x20000474   Data          20  tasks.o(.bss)
    xPendingReadyList                        0x20000488   Data          20  tasks.o(.bss)
    xTasksWaitingTermination                 0x2000049c   Data          20  tasks.o(.bss)
    xSuspendedTaskList                       0x200004b0   Data          20  tasks.o(.bss)
    .bss                                     0x200004c4   Section       40  timers.o(.bss)
    xActiveTimerList1                        0x200004c4   Data          20  timers.o(.bss)
    xActiveTimerList2                        0x200004d8   Data          20  timers.o(.bss)
    .bss                                     0x200004ec   Section    17408  heap_4.o(.bss)
    ucHeap                                   0x200004ec   Data       17408  heap_4.o(.bss)
    STACK                                    0x200048f0   Section     1024  startup_gd32f30x_xd.o(STACK)

    Global Symbols

    Symbol Name                              Value     Ov Type        Size  Object(Section)

    BuildAttributes$$THM_ISAv4$E$P$D$K$B$S$7EM$VFPi3$EXTD16$VFPS$VFMA$PE$A:L22UL41UL21$X:L11$S22US41US21$IEEE1$IW$USESV6$~STKCKD$USESV7$~SHL$OTIME$ROPI$IEEEX$EBA8$MICROLIB$REQ8$PRES8$EABIv2 0x00000000   Number         0  anon$$obj.o ABSOLUTE
    __ARM_use_no_argv                        0x00000000   Number         0  main.o ABSOLUTE
    _printf_a                                0x00000000   Number         0  stubs.o ABSOLUTE
    _printf_c                                0x00000000   Number         0  stubs.o ABSOLUTE
    _printf_charcount                        0x00000000   Number         0  stubs.o ABSOLUTE
    _printf_d                                0x00000000   Number         0  stubs.o ABSOLUTE
    _printf_e                                0x00000000   Number         0  stubs.o ABSOLUTE
    _printf_f                                0x00000000   Number         0  stubs.o ABSOLUTE
    _printf_flags                            0x00000000   Number         0  stubs.o ABSOLUTE
    _printf_fp_dec                           0x00000000   Number         0  stubs.o ABSOLUTE
    _printf_fp_hex                           0x00000000   Number         0  stubs.o ABSOLUTE
    _printf_g                                0x00000000   Number         0  stubs.o ABSOLUTE
    _printf_i                                0x00000000   Number         0  stubs.o ABSOLUTE
    _printf_int_dec                          0x00000000   Number         0  stubs.o ABSOLUTE
    _printf_l                                0x00000000   Number         0  stubs.o ABSOLUTE
    _printf_lc                               0x00000000   Number         0  stubs.o ABSOLUTE
    _printf_ll                               0x00000000   Number         0  stubs.o ABSOLUTE
    _printf_lld                              0x00000000   Number         0  stubs.o ABSOLUTE
    _printf_lli                              0x00000000   Number         0  stubs.o ABSOLUTE
    _printf_llo                              0x00000000   Number         0  stubs.o ABSOLUTE
    _printf_llu                              0x00000000   Number         0  stubs.o ABSOLUTE
    _printf_llx                              0x00000000   Number         0  stubs.o ABSOLUTE
    _printf_longlong_dec                     0x00000000   Number         0  stubs.o ABSOLUTE
    _printf_longlong_hex                     0x00000000   Number         0  stubs.o ABSOLUTE
    _printf_longlong_oct                     0x00000000   Number         0  stubs.o ABSOLUTE
    _printf_ls                               0x00000000   Number         0  stubs.o ABSOLUTE
    _printf_mbtowc                           0x00000000   Number         0  stubs.o ABSOLUTE
    _printf_n                                0x00000000   Number         0  stubs.o ABSOLUTE
    _printf_o                                0x00000000   Number         0  stubs.o ABSOLUTE
    _printf_p                                0x00000000   Number         0  stubs.o ABSOLUTE
    _printf_percent                          0x00000000   Number         0  stubs.o ABSOLUTE
    _printf_pre_padding                      0x00000000   Number         0  stubs.o ABSOLUTE
    _printf_return_value                     0x00000000   Number         0  stubs.o ABSOLUTE
    _printf_s                                0x00000000   Number         0  stubs.o ABSOLUTE
    _printf_sizespec                         0x00000000   Number         0  stubs.o ABSOLUTE
    _printf_str                              0x00000000   Number         0  stubs.o ABSOLUTE
    _printf_truncate_signed                  0x00000000   Number         0  stubs.o ABSOLUTE
    _printf_truncate_unsigned                0x00000000   Number         0  stubs.o ABSOLUTE
    _printf_u                                0x00000000   Number         0  stubs.o ABSOLUTE
    _printf_wc                               0x00000000   Number         0  stubs.o ABSOLUTE
    _printf_wctomb                           0x00000000   Number         0  stubs.o ABSOLUTE
    _printf_widthprec                        0x00000000   Number         0  stubs.o ABSOLUTE
    _printf_x                                0x00000000   Number         0  stubs.o ABSOLUTE
    __cpp_initialize__aeabi_                  - Undefined Weak Reference
    __cxa_finalize                            - Undefined Weak Reference
    _clock_init                               - Undefined Weak Reference
    _microlib_exit                            - Undefined Weak Reference
    __Vectors_Size                           0x00000130   Number         0  startup_gd32f30x_xd.o ABSOLUTE
    __Vectors                                0x08000000   Data           4  startup_gd32f30x_xd.o(RESET)
    __Vectors_End                            0x08000130   Data           0  startup_gd32f30x_xd.o(RESET)
    __main                                   0x08000131   Thumb Code     0  entry.o(.ARM.Collect$$$$00000000)
    _main_stk                                0x08000131   Thumb Code     0  entry2.o(.ARM.Collect$$$$00000001)
    _main_scatterload                        0x08000135   Thumb Code     0  entry5.o(.ARM.Collect$$$$00000004)
    __main_after_scatterload                 0x08000139   Thumb Code     0  entry5.o(.ARM.Collect$$$$00000004)
    _main_clock                              0x08000139   Thumb Code     0  entry7b.o(.ARM.Collect$$$$00000008)
    _main_cpp_init                           0x08000139   Thumb Code     0  entry8b.o(.ARM.Collect$$$$0000000A)
    _main_init                               0x08000139   Thumb Code     0  entry9a.o(.ARM.Collect$$$$0000000B)
    __rt_final_cpp                           0x08000141   Thumb Code     0  entry10a.o(.ARM.Collect$$$$0000000D)
    __rt_final_exit                          0x08000141   Thumb Code     0  entry11a.o(.ARM.Collect$$$$0000000F)
    SVC_Handler                              0x08000145   Thumb Code    28  port.o(.emb_text)
    __asm___6_port_c_39a90d8d__prvStartFirstTask 0x08000165   Thumb Code    36  port.o(.emb_text)
    __asm___6_port_c_39a90d8d__prvEnableVFP  0x0800018d   Thumb Code    16  port.o(.emb_text)
    PendSV_Handler                           0x080001a1   Thumb Code    88  port.o(.emb_text)
    vPortGetIPSR                             0x080001fd   Thumb Code     6  port.o(.emb_text)
    Reset_Handler                            0x08000205   Thumb Code     8  startup_gd32f30x_xd.o(.text)
    ADC2_IRQHandler                          0x0800021f   Thumb Code     0  startup_gd32f30x_xd.o(.text)
    CAN0_EWMC_IRQHandler                     0x0800021f   Thumb Code     0  startup_gd32f30x_xd.o(.text)
    CAN0_RX1_IRQHandler                      0x0800021f   Thumb Code     0  startup_gd32f30x_xd.o(.text)
    DMA0_Channel0_IRQHandler                 0x0800021f   Thumb Code     0  startup_gd32f30x_xd.o(.text)
    DMA0_Channel1_IRQHandler                 0x0800021f   Thumb Code     0  startup_gd32f30x_xd.o(.text)
    DMA0_Channel2_IRQHandler                 0x0800021f   Thumb Code     0  startup_gd32f30x_xd.o(.text)
    DMA0_Channel3_IRQHandler                 0x0800021f   Thumb Code     0  startup_gd32f30x_xd.o(.text)
    DMA0_Channel4_IRQHandler                 0x0800021f   Thumb Code     0  startup_gd32f30x_xd.o(.text)
    DMA0_Channel5_IRQHandler                 0x0800021f   Thumb Code     0  startup_gd32f30x_xd.o(.text)
    DMA0_Channel6_IRQHandler                 0x0800021f   Thumb Code     0  startup_gd32f30x_xd.o(.text)
    DMA1_Channel0_IRQHandler                 0x0800021f   Thumb Code     0  startup_gd32f30x_xd.o(.text)
    DMA1_Channel1_IRQHandler                 0x0800021f   Thumb Code     0  startup_gd32f30x_xd.o(.text)
    DMA1_Channel2_IRQHandler                 0x0800021f   Thumb Code     0  startup_gd32f30x_xd.o(.text)
    DMA1_Channel3_4_IRQHandler               0x0800021f   Thumb Code     0  startup_gd32f30x_xd.o(.text)
    EXMC_IRQHandler                          0x0800021f   Thumb Code     0  startup_gd32f30x_xd.o(.text)
    EXTI0_IRQHandler                         0x0800021f   Thumb Code     0  startup_gd32f30x_xd.o(.text)
    EXTI10_15_IRQHandler                     0x0800021f   Thumb Code     0  startup_gd32f30x_xd.o(.text)
    EXTI1_IRQHandler                         0x0800021f   Thumb Code     0  startup_gd32f30x_xd.o(.text)
    EXTI2_IRQHandler                         0x0800021f   Thumb Code     0  startup_gd32f30x_xd.o(.text)
    EXTI3_IRQHandler                         0x0800021f   Thumb Code     0  startup_gd32f30x_xd.o(.text)
    EXTI4_IRQHandler                         0x0800021f   Thumb Code     0  startup_gd32f30x_xd.o(.text)
    EXTI5_9_IRQHandler                       0x0800021f   Thumb Code     0  startup_gd32f30x_xd.o(.text)
    FMC_IRQHandler                           0x0800021f   Thumb Code     0  startup_gd32f30x_xd.o(.text)
    I2C0_ER_IRQHandler                       0x0800021f   Thumb Code     0  startup_gd32f30x_xd.o(.text)
    I2C0_EV_IRQHandler                       0x0800021f   Thumb Code     0  startup_gd32f30x_xd.o(.text)
    I2C1_ER_IRQHandler                       0x0800021f   Thumb Code     0  startup_gd32f30x_xd.o(.text)
    I2C1_EV_IRQHandler                       0x0800021f   Thumb Code     0  startup_gd32f30x_xd.o(.text)
    LVD_IRQHandler                           0x0800021f   Thumb Code     0  startup_gd32f30x_xd.o(.text)
    RCU_CTC_IRQHandler                       0x0800021f   Thumb Code     0  startup_gd32f30x_xd.o(.text)
    RTC_Alarm_IRQHandler                     0x0800021f   Thumb Code     0  startup_gd32f30x_xd.o(.text)
    RTC_IRQHandler                           0x0800021f   Thumb Code     0  startup_gd32f30x_xd.o(.text)
    SDIO_IRQHandler                          0x0800021f   Thumb Code     0  startup_gd32f30x_xd.o(.text)
    SPI0_IRQHandler                          0x0800021f   Thumb Code     0  startup_gd32f30x_xd.o(.text)
    SPI1_IRQHandler                          0x0800021f   Thumb Code     0  startup_gd32f30x_xd.o(.text)
    SPI2_IRQHandler                          0x0800021f   Thumb Code     0  startup_gd32f30x_xd.o(.text)
    TAMPER_IRQHandler                        0x0800021f   Thumb Code     0  startup_gd32f30x_xd.o(.text)
    TIMER0_BRK_TIMER8_IRQHandler             0x0800021f   Thumb Code     0  startup_gd32f30x_xd.o(.text)
    TIMER0_Channel_IRQHandler                0x0800021f   Thumb Code     0  startup_gd32f30x_xd.o(.text)
    TIMER0_TRG_CMT_TIMER10_IRQHandler        0x0800021f   Thumb Code     0  startup_gd32f30x_xd.o(.text)
    TIMER0_UP_TIMER9_IRQHandler              0x0800021f   Thumb Code     0  startup_gd32f30x_xd.o(.text)
    TIMER1_IRQHandler                        0x0800021f   Thumb Code     0  startup_gd32f30x_xd.o(.text)
    TIMER2_IRQHandler                        0x0800021f   Thumb Code     0  startup_gd32f30x_xd.o(.text)
    TIMER4_IRQHandler                        0x0800021f   Thumb Code     0  startup_gd32f30x_xd.o(.text)
    TIMER5_IRQHandler                        0x0800021f   Thumb Code     0  startup_gd32f30x_xd.o(.text)
    TIMER6_IRQHandler                        0x0800021f   Thumb Code     0  startup_gd32f30x_xd.o(.text)
    TIMER7_BRK_TIMER11_IRQHandler            0x0800021f   Thumb Code     0  startup_gd32f30x_xd.o(.text)
    TIMER7_Channel_IRQHandler                0x0800021f   Thumb Code     0  startup_gd32f30x_xd.o(.text)
    TIMER7_TRG_CMT_TIMER13_IRQHandler        0x0800021f   Thumb Code     0  startup_gd32f30x_xd.o(.text)
    TIMER7_UP_TIMER12_IRQHandler             0x0800021f   Thumb Code     0  startup_gd32f30x_xd.o(.text)
    UART3_IRQHandler                         0x0800021f   Thumb Code     0  startup_gd32f30x_xd.o(.text)
    UART4_IRQHandler                         0x0800021f   Thumb Code     0  startup_gd32f30x_xd.o(.text)
    USART0_IRQHandler                        0x0800021f   Thumb Code     0  startup_gd32f30x_xd.o(.text)
    USART2_IRQHandler                        0x0800021f   Thumb Code     0  startup_gd32f30x_xd.o(.text)
    USBD_HP_CAN0_TX_IRQHandler               0x0800021f   Thumb Code     0  startup_gd32f30x_xd.o(.text)
    USBD_LP_CAN0_RX0_IRQHandler              0x0800021f   Thumb Code     0  startup_gd32f30x_xd.o(.text)
    USBD_WKUP_IRQHandler                     0x0800021f   Thumb Code     0  startup_gd32f30x_xd.o(.text)
    WWDGT_IRQHandler                         0x0800021f   Thumb Code     0  startup_gd32f30x_xd.o(.text)
    __aeabi_memcpy                           0x08000229   Thumb Code    36  memcpya.o(.text)
    __aeabi_memcpy4                          0x08000229   Thumb Code     0  memcpya.o(.text)
    __aeabi_memcpy8                          0x08000229   Thumb Code     0  memcpya.o(.text)
    __aeabi_memset                           0x0800024d   Thumb Code    14  memseta.o(.text)
    __aeabi_memset4                          0x0800024d   Thumb Code     0  memseta.o(.text)
    __aeabi_memset8                          0x0800024d   Thumb Code     0  memseta.o(.text)
    __aeabi_memclr                           0x0800025b   Thumb Code     4  memseta.o(.text)
    __aeabi_memclr4                          0x0800025b   Thumb Code     0  memseta.o(.text)
    __aeabi_memclr8                          0x0800025b   Thumb Code     0  memseta.o(.text)
    memset                                   0x0800025f   Thumb Code    18  memseta.o(.text)
    __aeabi_dadd                             0x08000271   Thumb Code   322  dadd.o(.text)
    __aeabi_dsub                             0x080003b3   Thumb Code     6  dadd.o(.text)
    __aeabi_drsub                            0x080003b9   Thumb Code     6  dadd.o(.text)
    __aeabi_dmul                             0x080003bf   Thumb Code   228  dmul.o(.text)
    __aeabi_ddiv                             0x080004a3   Thumb Code   222  ddiv.o(.text)
    __aeabi_i2d                              0x08000581   Thumb Code    34  dflti.o(.text)
    __aeabi_ui2d                             0x080005a3   Thumb Code    26  dfltui.o(.text)
    __aeabi_f2d                              0x080005bd   Thumb Code    38  f2d.o(.text)
    __aeabi_d2f                              0x080005e3   Thumb Code    56  d2f.o(.text)
    __aeabi_uidiv                            0x0800061b   Thumb Code     0  uidiv.o(.text)
    __aeabi_uidivmod                         0x0800061b   Thumb Code    44  uidiv.o(.text)
    __aeabi_uldivmod                         0x08000647   Thumb Code    98  uldiv.o(.text)
    __aeabi_llsl                             0x080006a9   Thumb Code    30  llshl.o(.text)
    _ll_shift_l                              0x080006a9   Thumb Code     0  llshl.o(.text)
    __aeabi_lasr                             0x080006c7   Thumb Code    36  llsshr.o(.text)
    _ll_sshift_r                             0x080006c7   Thumb Code     0  llsshr.o(.text)
    __I$use$fp                               0x080006eb   Thumb Code     0  iusefp.o(.text)
    _float_round                             0x080006eb   Thumb Code    18  fepilogue.o(.text)
    _float_epilogue                          0x080006fd   Thumb Code    92  fepilogue.o(.text)
    _double_round                            0x08000759   Thumb Code    30  depilogue.o(.text)
    _double_epilogue                         0x08000777   Thumb Code   156  depilogue.o(.text)
    __ARM_scalbn                             0x08000813   Thumb Code    46  dscalb.o(.text)
    scalbn                                   0x08000813   Thumb Code     0  dscalb.o(.text)
    _dsqrt                                   0x08000841   Thumb Code   162  dsqrt.o(.text)
    __aeabi_d2ulz                            0x080008e3   Thumb Code    48  dfixul.o(.text)
    __aeabi_cdrcmple                         0x08000915   Thumb Code    48  cdrcmple.o(.text)
    __scatterload                            0x08000945   Thumb Code    28  init.o(.text)
    __scatterload_rt2                        0x08000945   Thumb Code     0  init.o(.text)
    __aeabi_llsr                             0x08000969   Thumb Code    32  llushr.o(.text)
    _ll_ushift_r                             0x08000969   Thumb Code     0  llushr.o(.text)
    __decompress                             0x08000989   Thumb Code     0  __dczerorl.o(.text)
    __decompress0                            0x08000989   Thumb Code    58  __dczerorl.o(.text)
    ADC0_1_IRQHandler                        0x080009c5   Thumb Code    70  adc.o(i.ADC0_1_IRQHandler)
    BusFault_Handler                         0x08000a21   Thumb Code     4  gd32f30x_it.o(i.BusFault_Handler)
    DebugMon_Handler                         0x08000a25   Thumb Code     2  gd32f30x_it.o(i.DebugMon_Handler)
    HardFault_Handler                        0x08000a27   Thumb Code     4  gd32f30x_it.o(i.HardFault_Handler)
    MemManage_Handler                        0x08000a2b   Thumb Code     4  gd32f30x_it.o(i.MemManage_Handler)
    NMI_Handler                              0x08000a2f   Thumb Code     2  gd32f30x_it.o(i.NMI_Handler)
    PEC_Calculation                          0x08000a59   Thumb Code   186  mlx90614.o(i.PEC_Calculation)
    SMBus_ReadMemory                         0x08000b13   Thumb Code    96  mlx90614.o(i.SMBus_ReadMemory)
    SMBus_ReadTemp                           0x08000b75   Thumb Code   102  mlx90614.o(i.SMBus_ReadTemp)
    SysTick_Handler                          0x08000bf1   Thumb Code    20  gd32f30x_it.o(i.SysTick_Handler)
    SystemInit                               0x08000c05   Thumb Code   110  system_gd32f30x.o(i.SystemInit)
    TIMER3_IRQHandler                        0x08000c81   Thumb Code    26  main.o(i.TIMER3_IRQHandler)
    USART1_IRQHandler                        0x08000ca1   Thumb Code   152  uart.o(i.USART1_IRQHandler)
    USART1_init                              0x08000d71   Thumb Code   150  uart.o(i.USART1_init)
    USART_Init                               0x08000e11   Thumb Code   110  uart.o(i.USART_Init)
    UsageFault_Handler                       0x08000e89   Thumb Code     4  gd32f30x_it.o(i.UsageFault_Handler)
    __0printf                                0x08000e8d   Thumb Code    22  printfa.o(i.__0printf)
    __1printf                                0x08000e8d   Thumb Code     0  printfa.o(i.__0printf)
    __2printf                                0x08000e8d   Thumb Code     0  printfa.o(i.__0printf)
    __c89printf                              0x08000e8d   Thumb Code     0  printfa.o(i.__0printf)
    printf                                   0x08000e8d   Thumb Code     0  printfa.o(i.__0printf)
    __ARM_fpclassify                         0x08000ead   Thumb Code    48  fpclassify.o(i.__ARM_fpclassify)
    __hardfp_pow                             0x08000ee1   Thumb Code  3044  pow.o(i.__hardfp_pow)
    __hardfp_sqrt                            0x08001b19   Thumb Code   122  sqrt.o(i.__hardfp_sqrt)
    __kernel_poly                            0x08001b93   Thumb Code   248  poly.o(i.__kernel_poly)
    __mathlib_dbl_divzero                    0x08001c91   Thumb Code    28  dunder.o(i.__mathlib_dbl_divzero)
    __mathlib_dbl_infnan2                    0x08001cc1   Thumb Code    20  dunder.o(i.__mathlib_dbl_infnan2)
    __mathlib_dbl_invalid                    0x08001cd9   Thumb Code    24  dunder.o(i.__mathlib_dbl_invalid)
    __mathlib_dbl_overflow                   0x08001cf9   Thumb Code    24  dunder.o(i.__mathlib_dbl_overflow)
    __mathlib_dbl_underflow                  0x08001d19   Thumb Code    24  dunder.o(i.__mathlib_dbl_underflow)
    __scatterload_copy                       0x08001d39   Thumb Code    14  handlers.o(i.__scatterload_copy)
    __scatterload_null                       0x08001d47   Thumb Code     2  handlers.o(i.__scatterload_null)
    __scatterload_zeroinit                   0x08001d49   Thumb Code    14  handlers.o(i.__scatterload_zeroinit)
    __set_errno                              0x08001d59   Thumb Code     6  errno.o(i.__set_errno)
    adc_calibration_enable                   0x080025f7   Thumb Code    42  gd32f30x_adc.o(i.adc_calibration_enable)
    adc_channel_length_config                0x08002621   Thumb Code    70  gd32f30x_adc.o(i.adc_channel_length_config)
    adc_config                               0x08002669   Thumb Code   196  adc.o(i.adc_config)
    adc_data_alignment_config                0x08002731   Thumb Code    22  gd32f30x_adc.o(i.adc_data_alignment_config)
    adc_enable                               0x08002747   Thumb Code    18  gd32f30x_adc.o(i.adc_enable)
    adc_external_trigger_config              0x08002759   Thumb Code    62  gd32f30x_adc.o(i.adc_external_trigger_config)
    adc_external_trigger_source_config       0x08002797   Thumb Code    48  gd32f30x_adc.o(i.adc_external_trigger_source_config)
    adc_flag_clear                           0x080027c7   Thumb Code     8  gd32f30x_adc.o(i.adc_flag_clear)
    adc_flag_get                             0x080027cf   Thumb Code    14  gd32f30x_adc.o(i.adc_flag_get)
    adc_gpio_config                          0x080027dd   Thumb Code    16  adc.o(i.adc_gpio_config)
    adc_inserted_channel_config              0x080027f1   Thumb Code   116  gd32f30x_adc.o(i.adc_inserted_channel_config)
    adc_inserted_data_read                   0x08002865   Thumb Code    46  gd32f30x_adc.o(i.adc_inserted_data_read)
    adc_interrupt_enable                     0x08002893   Thumb Code    44  gd32f30x_adc.o(i.adc_interrupt_enable)
    adc_interrupt_flag_clear                 0x080028bf   Thumb Code     8  gd32f30x_adc.o(i.adc_interrupt_flag_clear)
    adc_mode_config                          0x080028c9   Thumb Code    22  gd32f30x_adc.o(i.adc_mode_config)
    adc_oversample_mode_config               0x080028e5   Thumb Code    58  gd32f30x_adc.o(i.adc_oversample_mode_config)
    adc_oversample_mode_enable               0x0800291f   Thumb Code    14  gd32f30x_adc.o(i.adc_oversample_mode_enable)
    adc_regular_channel_config               0x0800292d   Thumb Code   172  gd32f30x_adc.o(i.adc_regular_channel_config)
    adc_software_trigger_enable              0x080029d9   Thumb Code    30  gd32f30x_adc.o(i.adc_software_trigger_enable)
    adc_special_function_config              0x080029f7   Thumb Code    90  gd32f30x_adc.o(i.adc_special_function_config)
    applyFilter                              0x08002a51   Thumb Code   130  main.o(i.applyFilter)
    calculate_NN50                           0x08002ae5   Thumb Code    60  main.o(i.calculate_NN50)
    calculate_PNN50                          0x08002b25   Thumb Code    30  main.o(i.calculate_PNN50)
    calculate_RMSSD                          0x08002b49   Thumb Code   174  main.o(i.calculate_RMSSD)
    calculate_SD                             0x08002c05   Thumb Code   234  main.o(i.calculate_SD)
    calculate_heart                          0x08002cfd   Thumb Code   446  main.o(i.calculate_heart)
    calculate_hrv                            0x08002ef9   Thumb Code   362  main.o(i.calculate_hrv)
    delay_1ms                                0x080030cd   Thumb Code    16  systick.o(i.delay_1ms)
    delay_decrement                          0x080030e1   Thumb Code    18  systick.o(i.delay_decrement)
    delay_ms                                 0x080030f9   Thumb Code    54  delay.o(i.delay_ms)
    fabs                                     0x08003135   Thumb Code    24  fabs.o(i.fabs)
    find_peak                                0x0800314d   Thumb Code   208  main.o(i.find_peak)
    fputc                                    0x08003239   Thumb Code    46  uart.o(i.fputc)
    gd_i2c_deinit                            0x0800326d   Thumb Code    30  gd_i2c.o(i.gd_i2c_deinit)
    gd_i2c_delayms                           0x08003295   Thumb Code    18  gd_i2c.o(i.gd_i2c_delayms)
    gd_i2c_delayus                           0x080032a7   Thumb Code    22  gd_i2c.o(i.gd_i2c_delayus)
    gd_i2c_flag_check                        0x080032bd   Thumb Code    58  gd_i2c.o(i.gd_i2c_flag_check)
    gd_i2c_init                              0x080032fd   Thumb Code    88  gd_i2c.o(i.gd_i2c_init)
    gd_i2c_read                              0x08003361   Thumb Code   406  gd_i2c.o(i.gd_i2c_read)
    gpio_init                                0x080034fd   Thumb Code   188  gd32f30x_gpio.o(i.gpio_init)
    i2c_ack_config                           0x080035b9   Thumb Code    24  gd32f30x_i2c.o(i.i2c_ack_config)
    i2c_ackpos_config                        0x080035d1   Thumb Code    22  gd32f30x_i2c.o(i.i2c_ackpos_config)
    i2c_clock_config                         0x080035e9   Thumb Code   306  gd32f30x_i2c.o(i.i2c_clock_config)
    i2c_data_receive                         0x08003729   Thumb Code     8  gd32f30x_i2c.o(i.i2c_data_receive)
    i2c_data_transmit                        0x08003731   Thumb Code     6  gd32f30x_i2c.o(i.i2c_data_transmit)
    i2c_deinit                               0x08003739   Thumb Code    60  gd32f30x_i2c.o(i.i2c_deinit)
    i2c_disable                              0x08003779   Thumb Code    10  gd32f30x_i2c.o(i.i2c_disable)
    i2c_enable                               0x08003783   Thumb Code    10  gd32f30x_i2c.o(i.i2c_enable)
    i2c_flag_clear                           0x0800378d   Thumb Code    40  gd32f30x_i2c.o(i.i2c_flag_clear)
    i2c_flag_get                             0x080037b5   Thumb Code    30  gd32f30x_i2c.o(i.i2c_flag_get)
    i2c_master_addressing                    0x080037d3   Thumb Code    20  gd32f30x_i2c.o(i.i2c_master_addressing)
    i2c_mode_addr_config                     0x080037e7   Thumb Code    28  gd32f30x_i2c.o(i.i2c_mode_addr_config)
    i2c_start_on_bus                         0x08003803   Thumb Code    10  gd32f30x_i2c.o(i.i2c_start_on_bus)
    i2c_stop_on_bus                          0x0800380d   Thumb Code    10  gd32f30x_i2c.o(i.i2c_stop_on_bus)
    initFilter                               0x08003819   Thumb Code    18  main.o(i.initFilter)
    insert_alternate_min_max                 0x08003831   Thumb Code   130  main.o(i.insert_alternate_min_max)
    kalman_init                              0x080038c1   Thumb Code    18  main.o(i.kalman_init)
    low_pass_filter                          0x080038d5   Thumb Code    22  main.o(i.low_pass_filter)
    main                                     0x080038f5   Thumb Code    74  main.o(i.main)
    mlx90614_Init                            0x08003955   Thumb Code     2  mlx90614.o(i.mlx90614_Init)
    moving_average_filter                    0x08003959   Thumb Code   118  main.o(i.moving_average_filter)
    nvic_irq_enable                          0x080039dd   Thumb Code   186  gd32f30x_misc.o(i.nvic_irq_enable)
    nvic_priority_group_set                  0x08003aa1   Thumb Code    10  gd32f30x_misc.o(i.nvic_priority_group_set)
    ppg_adc_config                           0x08003ab5   Thumb Code   172  adc.o(i.ppg_adc_config)
    pvPortMalloc                             0x0800443d   Thumb Code   280  heap_4.o(i.pvPortMalloc)
    pxPortInitialiseStack                    0x08004569   Thumb Code    38  port.o(i.pxPortInitialiseStack)
    rcu_adc_clock_config                     0x08004595   Thumb Code    98  gd32f30x_rcu.o(i.rcu_adc_clock_config)
    rcu_clock_freq_get                       0x08004601   Thumb Code   310  gd32f30x_rcu.o(i.rcu_clock_freq_get)
    rcu_config                               0x08004759   Thumb Code    26  adc.o(i.rcu_config)
    rcu_periph_clock_disable                 0x08004775   Thumb Code    28  gd32f30x_rcu.o(i.rcu_periph_clock_disable)
    rcu_periph_clock_enable                  0x08004795   Thumb Code    28  gd32f30x_rcu.o(i.rcu_periph_clock_enable)
    rcu_periph_reset_disable                 0x080047b5   Thumb Code    28  gd32f30x_rcu.o(i.rcu_periph_reset_disable)
    rcu_periph_reset_enable                  0x080047d5   Thumb Code    28  gd32f30x_rcu.o(i.rcu_periph_reset_enable)
    send_at_command                          0x080047f5   Thumb Code    98  uart.o(i.send_at_command)
    sqrt                                     0x08004865   Thumb Code   110  sqrt.o(i.sqrt)
    start_os                                 0x080048d5   Thumb Code    28  main.o(i.start_os)
    start_task                               0x08004905   Thumb Code    84  main.o(i.start_task)
    systick_config                           0x08004aa9   Thumb Code    74  systick.o(i.systick_config)
    task1                                    0x08004af9   Thumb Code   404  main.o(i.task1)
    task2                                    0x08004d25   Thumb Code   118  main.o(i.task2)
    task3                                    0x08004dc5   Thumb Code    24  main.o(i.task3)
    timer3_config                            0x08004de1   Thumb Code    96  timer.o(i.timer3_config)
    timer_auto_reload_shadow_enable          0x08004e45   Thumb Code    10  gd32f30x_timer.o(i.timer_auto_reload_shadow_enable)
    timer_channel_output_config              0x08004e51   Thumb Code   484  gd32f30x_timer.o(i.timer_channel_output_config)
    timer_channel_output_mode_config         0x0800503d   Thumb Code    90  gd32f30x_timer.o(i.timer_channel_output_mode_config)
    timer_channel_output_pulse_value_config  0x08005097   Thumb Code    38  gd32f30x_timer.o(i.timer_channel_output_pulse_value_config)
    timer_channel_output_shadow_config       0x080050bd   Thumb Code    90  gd32f30x_timer.o(i.timer_channel_output_shadow_config)
    timer_channel_output_struct_para_init    0x08005117   Thumb Code    16  gd32f30x_timer.o(i.timer_channel_output_struct_para_init)
    timer_config                             0x08005127   Thumb Code   160  timer.o(i.timer_config)
    timer_deinit                             0x080051c9   Thumb Code   210  gd32f30x_timer.o(i.timer_deinit)
    timer_enable                             0x080052a5   Thumb Code    10  gd32f30x_timer.o(i.timer_enable)
    timer_init                               0x080052b1   Thumb Code   122  gd32f30x_timer.o(i.timer_init)
    timer_interrupt_enable                   0x08005349   Thumb Code     8  gd32f30x_timer.o(i.timer_interrupt_enable)
    timer_interrupt_flag_clear               0x08005351   Thumb Code     6  gd32f30x_timer.o(i.timer_interrupt_flag_clear)
    timer_interrupt_flag_get                 0x08005357   Thumb Code    24  gd32f30x_timer.o(i.timer_interrupt_flag_get)
    update_breath                            0x08005371   Thumb Code   364  main.o(i.update_breath)
    usart_baudrate_set                       0x0800551d   Thumb Code   136  gd32f30x_usart.o(i.usart_baudrate_set)
    usart_data_receive                       0x080055ad   Thumb Code    10  gd32f30x_usart.o(i.usart_data_receive)
    usart_data_transmit                      0x080055b7   Thumb Code     8  gd32f30x_usart.o(i.usart_data_transmit)
    usart_deinit                             0x080055c1   Thumb Code   136  gd32f30x_usart.o(i.usart_deinit)
    usart_enable                             0x08005651   Thumb Code    10  gd32f30x_usart.o(i.usart_enable)
    usart_flag_get                           0x0800565b   Thumb Code    30  gd32f30x_usart.o(i.usart_flag_get)
    usart_hardware_flow_cts_config           0x08005679   Thumb Code    16  gd32f30x_usart.o(i.usart_hardware_flow_cts_config)
    usart_hardware_flow_rts_config           0x08005689   Thumb Code    16  gd32f30x_usart.o(i.usart_hardware_flow_rts_config)
    usart_interrupt_enable                   0x08005699   Thumb Code    26  gd32f30x_usart.o(i.usart_interrupt_enable)
    usart_interrupt_flag_get                 0x080056b3   Thumb Code    56  gd32f30x_usart.o(i.usart_interrupt_flag_get)
    usart_parity_config                      0x080056eb   Thumb Code    16  gd32f30x_usart.o(i.usart_parity_config)
    usart_receive_config                     0x080056fb   Thumb Code    16  gd32f30x_usart.o(i.usart_receive_config)
    usart_stop_bit_set                       0x0800570b   Thumb Code    16  gd32f30x_usart.o(i.usart_stop_bit_set)
    usart_transmit_config                    0x0800571b   Thumb Code    16  gd32f30x_usart.o(i.usart_transmit_config)
    usart_word_length_set                    0x0800572b   Thumb Code    16  gd32f30x_usart.o(i.usart_word_length_set)
    uxListRemove                             0x0800573b   Thumb Code    40  list.o(i.uxListRemove)
    vListInitialise                          0x08005763   Thumb Code    26  list.o(i.vListInitialise)
    vListInitialiseItem                      0x0800577d   Thumb Code     6  list.o(i.vListInitialiseItem)
    vListInsert                              0x08005783   Thumb Code    52  list.o(i.vListInsert)
    vListInsertEnd                           0x080057b7   Thumb Code    24  list.o(i.vListInsertEnd)
    vPortEnterCritical                       0x080057d1   Thumb Code    76  port.o(i.vPortEnterCritical)
    vPortExitCritical                        0x08005825   Thumb Code    56  port.o(i.vPortExitCritical)
    vPortFree                                0x08005861   Thumb Code   132  heap_4.o(i.vPortFree)
    vPortSetupTimerInterrupt                 0x080058ed   Thumb Code    36  port.o(i.vPortSetupTimerInterrupt)
    vQueueWaitForMessageRestricted           0x08005915   Thumb Code    74  queue.o(i.vQueueWaitForMessageRestricted)
    vTaskDelay                               0x08005961   Thumb Code    82  tasks.o(i.vTaskDelay)
    vTaskDelete                              0x080059bd   Thumb Code   210  tasks.o(i.vTaskDelete)
    vTaskInternalSetTimeOutState             0x08005ab9   Thumb Code    14  tasks.o(i.vTaskInternalSetTimeOutState)
    vTaskMissedYield                         0x08005ad1   Thumb Code     8  tasks.o(i.vTaskMissedYield)
    vTaskPlaceOnEventList                    0x08005add   Thumb Code    52  tasks.o(i.vTaskPlaceOnEventList)
    vTaskPlaceOnEventListRestricted          0x08005b15   Thumb Code    94  tasks.o(i.vTaskPlaceOnEventListRestricted)
    vTaskStartScheduler                      0x08005b79   Thumb Code   122  tasks.o(i.vTaskStartScheduler)
    vTaskSuspendAll                          0x08005c15   Thumb Code    12  tasks.o(i.vTaskSuspendAll)
    vTaskSwitchContext                       0x08005c25   Thumb Code   118  tasks.o(i.vTaskSwitchContext)
    xPortStartScheduler                      0x08005cb1   Thumb Code   330  port.o(i.xPortStartScheduler)
    xPortSysTickHandler                      0x08005e19   Thumb Code    46  port.o(i.xPortSysTickHandler)
    xQueueGenericCreate                      0x08005e4d   Thumb Code   102  queue.o(i.xQueueGenericCreate)
    xQueueGenericReset                       0x08005eb5   Thumb Code   214  queue.o(i.xQueueGenericReset)
    xQueueReceive                            0x08005f91   Thumb Code   356  queue.o(i.xQueueReceive)
    xTaskCheckForTimeOut                     0x080060f9   Thumb Code   136  tasks.o(i.xTaskCheckForTimeOut)
    xTaskCreate                              0x08006189   Thumb Code   104  tasks.o(i.xTaskCreate)
    xTaskGetSchedulerState                   0x080061f1   Thumb Code    24  tasks.o(i.xTaskGetSchedulerState)
    xTaskGetTickCount                        0x08006211   Thumb Code     6  tasks.o(i.xTaskGetTickCount)
    xTaskIncrementTick                       0x0800621d   Thumb Code   398  tasks.o(i.xTaskIncrementTick)
    xTaskRemoveFromEventList                 0x080063d9   Thumb Code   264  tasks.o(i.xTaskRemoveFromEventList)
    xTaskResumeAll                           0x080064f9   Thumb Code   338  tasks.o(i.xTaskResumeAll)
    xTimerCreateTimerTask                    0x08006671   Thumb Code    66  timers.o(i.xTimerCreateTimerTask)
    __mathlib_zero                           0x08006750   Data           8  qnan.o(.constdata)
    Region$$Table$$Base                      0x08006758   Number         0  anon$$obj.o(Region$$Table)
    Region$$Table$$Limit                     0x08006778   Number         0  anon$$obj.o(Region$$Table)
    start_task_Handler                       0x20000000   Data           4  main.o(.data)
    task1_Handler                            0x20000004   Data           4  main.o(.data)
    task2_Handler                            0x20000008   Data           4  main.o(.data)
    task3_Handler                            0x2000000c   Data           4  main.o(.data)
    g_adc_data                               0x20000010   Data           2  main.o(.data)
    filtered_value                           0x20000014   Data           4  main.o(.data)
    pre_filtered_value                       0x20000018   Data           4  main.o(.data)
    flag_get_new_adc_data                    0x2000001c   Data           1  main.o(.data)
    rising_flag                              0x2000001d   Data           1  main.o(.data)
    falling_flag                             0x2000001e   Data           1  main.o(.data)
    temp_valley                              0x20000020   Data           4  main.o(.data)
    temp_peak                                0x20000024   Data           4  main.o(.data)
    heart_peak                               0x20000028   Data           4  main.o(.data)
    temp_fuck                                0x2000002c   Data           4  main.o(.data)
    heart_time                               0x20000030   Data           4  main.o(.data)
    heart_rate                               0x20000034   Data           4  main.o(.data)
    avg_heart_rate                           0x20000038   Data           4  main.o(.data)
    heart_rate_sum                           0x2000003c   Data           4  main.o(.data)
    get_herat_rate_num                       0x20000040   Data           4  main.o(.data)
    index                                    0x20000044   Data           4  main.o(.data)
    breath_time                              0x20000048   Data           4  main.o(.data)
    breath_rate                              0x2000004c   Data           4  main.o(.data)
    breath_peak                              0x20000050   Data           4  main.o(.data)
    breath_valley                            0x20000054   Data           4  main.o(.data)
    breath_index                             0x20000058   Data           4  main.o(.data)
    should_replace_min                       0x2000005c   Data           1  main.o(.data)
    bodymove_delay                           0x20000060   Data           4  main.o(.data)
    temp                                     0x20000064   Data           4  main.o(.data)
    BPM                                      0x20000068   Data           4  main.o(.data)
    Signal                                   0x2000006c   Data           4  main.o(.data)
    pre_signal                               0x20000070   Data           4  main.o(.data)
    IBI                                      0x20000074   Data           4  main.o(.data)
    IBI_count                                0x20000078   Data           4  main.o(.data)
    HRV_need_count                           0x2000007c   Data           4  main.o(.data)
    sampleCounter                            0x20000080   Data           4  main.o(.data)
    runningTotal                             0x20000084   Data           2  main.o(.data)
    i                                        0x20000088   Data           4  main.o(.data)
    for_loop_num                             0x2000008c   Data           4  main.o(.data)
    SDNN                                     0x20000090   Data           4  main.o(.data)
    RMSSD                                    0x20000094   Data           4  main.o(.data)
    pre_SDNN                                 0x20000098   Data           4  main.o(.data)
    pre_RMSSD                                0x2000009c   Data           4  main.o(.data)
    NN50                                     0x200000a0   Data           4  main.o(.data)
    PNN50                                    0x200000a4   Data           4  main.o(.data)
    NN_total                                 0x200000a8   Data           4  main.o(.data)
    avg_bpm                                  0x200000ac   Data           4  main.o(.data)
    bpm_sum                                  0x200000b0   Data           4  main.o(.data)
    ppg_valley                               0x200000b4   Data           4  main.o(.data)
    ppg_peak                                 0x200000b8   Data           4  main.o(.data)
    ppg_rising_flag                          0x200000bc   Data           1  main.o(.data)
    ppg_falling_flag                         0x200000bd   Data           1  main.o(.data)
    temp_IBI_array_change                    0x200000c0   Data           4  main.o(.data)
    SystemCoreClock                          0x200000d8   Data           4  system_gd32f30x.o(.data)
    jingfan_txcount                          0x200000dc   Data           2  uart.o(.data)
    jingfan_rxcount                          0x200000de   Data           2  uart.o(.data)
    pxCurrentTCB                             0x200000e4   Data           4  tasks.o(.data)
    uxTopUsedPriority                        0x2000011c   Data           4  tasks.o(.data)
    __stdout                                 0x20000160   Data           4  stdout.o(.data)
    kf                                       0x20000168   Data          20  main.o(.bss)
    heart_rate_array                         0x2000017c   Data          20  main.o(.bss)
    breath_rates                             0x20000190   Data          20  main.o(.bss)
    IBI_array                                0x200001a4   Data          40  main.o(.bss)
    copy_IBI_data                            0x200001cc   Data         200  main.o(.bss)
    bpm_array                                0x20000294   Data          20  main.o(.bss)
    jingfan_txbuffer                         0x200002f8   Data         100  uart.o(.bss)
    jingfan_rxbuffer                         0x2000035c   Data         100  uart.o(.bss)
    __initial_sp                             0x20004cf0   Data           0  startup_gd32f30x_xd.o(STACK)



==============================================================================

Memory Map of the image

  Image Entry point : 0x08000131

  Load Region LR_IROM1 (Base: 0x08000000, Size: 0x000068e0, Max: 0x00040000, ABSOLUTE, COMPRESSED[0x00006790])

    Execution Region ER_IROM1 (Base: 0x08000000, Size: 0x00006778, Max: 0x00040000, ABSOLUTE)

    Base Addr    Size         Type   Attr      Idx    E Section Name        Object

    0x08000000   0x00000130   Data   RO         4401    RESET               startup_gd32f30x_xd.o
    0x08000130   0x00000000   Code   RO         5792  * .ARM.Collect$$$$00000000  mc_w.l(entry.o)
    0x08000130   0x00000004   Code   RO         6103    .ARM.Collect$$$$00000001  mc_w.l(entry2.o)
    0x08000134   0x00000004   Code   RO         6106    .ARM.Collect$$$$00000004  mc_w.l(entry5.o)
    0x08000138   0x00000000   Code   RO         6108    .ARM.Collect$$$$00000008  mc_w.l(entry7b.o)
    0x08000138   0x00000000   Code   RO         6110    .ARM.Collect$$$$0000000A  mc_w.l(entry8b.o)
    0x08000138   0x00000008   Code   RO         6111    .ARM.Collect$$$$0000000B  mc_w.l(entry9a.o)
    0x08000140   0x00000000   Code   RO         6113    .ARM.Collect$$$$0000000D  mc_w.l(entry10a.o)
    0x08000140   0x00000000   Code   RO         6115    .ARM.Collect$$$$0000000F  mc_w.l(entry11a.o)
    0x08000140   0x00000004   Code   RO         6104    .ARM.Collect$$$$00002712  mc_w.l(entry2.o)
    0x08000144   0x000000be   Code   RO         5689    .emb_text           port.o
    0x08000202   0x00000002   PAD
    0x08000204   0x00000024   Code   RO         4402    .text               startup_gd32f30x_xd.o
    0x08000228   0x00000024   Code   RO         5795    .text               mc_w.l(memcpya.o)
    0x0800024c   0x00000024   Code   RO         5799    .text               mc_w.l(memseta.o)
    0x08000270   0x0000014e   Code   RO         6064    .text               mf_w.l(dadd.o)
    0x080003be   0x000000e4   Code   RO         6066    .text               mf_w.l(dmul.o)
    0x080004a2   0x000000de   Code   RO         6068    .text               mf_w.l(ddiv.o)
    0x08000580   0x00000022   Code   RO         6070    .text               mf_w.l(dflti.o)
    0x080005a2   0x0000001a   Code   RO         6072    .text               mf_w.l(dfltui.o)
    0x080005bc   0x00000026   Code   RO         6074    .text               mf_w.l(f2d.o)
    0x080005e2   0x00000038   Code   RO         6076    .text               mf_w.l(d2f.o)
    0x0800061a   0x0000002c   Code   RO         6118    .text               mc_w.l(uidiv.o)
    0x08000646   0x00000062   Code   RO         6120    .text               mc_w.l(uldiv.o)
    0x080006a8   0x0000001e   Code   RO         6122    .text               mc_w.l(llshl.o)
    0x080006c6   0x00000024   Code   RO         6124    .text               mc_w.l(llsshr.o)
    0x080006ea   0x00000000   Code   RO         6133    .text               mc_w.l(iusefp.o)
    0x080006ea   0x0000006e   Code   RO         6134    .text               mf_w.l(fepilogue.o)
    0x08000758   0x000000ba   Code   RO         6136    .text               mf_w.l(depilogue.o)
    0x08000812   0x0000002e   Code   RO         6140    .text               mf_w.l(dscalb.o)
    0x08000840   0x000000a2   Code   RO         6142    .text               mf_w.l(dsqrt.o)
    0x080008e2   0x00000030   Code   RO         6144    .text               mf_w.l(dfixul.o)
    0x08000912   0x00000002   PAD
    0x08000914   0x00000030   Code   RO         6148    .text               mf_w.l(cdrcmple.o)
    0x08000944   0x00000024   Code   RO         6150    .text               mc_w.l(init.o)
    0x08000968   0x00000020   Code   RO         6152    .text               mc_w.l(llushr.o)
    0x08000988   0x0000003a   Code   RO         6162    .text               mc_w.l(__dczerorl.o)
    0x080009c2   0x00000002   PAD
    0x080009c4   0x0000005c   Code   RO         4488    i.ADC0_1_IRQHandler  adc.o
    0x08000a20   0x00000004   Code   RO          400    i.BusFault_Handler  gd32f30x_it.o
    0x08000a24   0x00000002   Code   RO          401    i.DebugMon_Handler  gd32f30x_it.o
    0x08000a26   0x00000004   Code   RO          402    i.HardFault_Handler  gd32f30x_it.o
    0x08000a2a   0x00000004   Code   RO          403    i.MemManage_Handler  gd32f30x_it.o
    0x08000a2e   0x00000002   Code   RO          404    i.NMI_Handler       gd32f30x_it.o
    0x08000a30   0x00000028   Code   RO          357    i.NVIC_SetPriority  systick.o
    0x08000a58   0x000000ba   Code   RO         4683    i.PEC_Calculation   mlx90614.o
    0x08000b12   0x00000060   Code   RO         4684    i.SMBus_ReadMemory  mlx90614.o
    0x08000b72   0x00000002   PAD
    0x08000b74   0x0000007c   Code   RO         4685    i.SMBus_ReadTemp    mlx90614.o
    0x08000bf0   0x00000014   Code   RO          405    i.SysTick_Handler   gd32f30x_it.o
    0x08000c04   0x0000007c   Code   RO          469    i.SystemInit        system_gd32f30x.o
    0x08000c80   0x00000020   Code   RO          139    i.TIMER3_IRQHandler  main.o
    0x08000ca0   0x000000d0   Code   RO         4408    i.USART1_IRQHandler  uart.o
    0x08000d70   0x000000a0   Code   RO         4409    i.USART1_init       uart.o
    0x08000e10   0x00000078   Code   RO         4410    i.USART_Init        uart.o
    0x08000e88   0x00000004   Code   RO          406    i.UsageFault_Handler  gd32f30x_it.o
    0x08000e8c   0x00000020   Code   RO         6036    i.__0printf         mc_w.l(printfa.o)
    0x08000eac   0x00000030   Code   RO         6098    i.__ARM_fpclassify  m_wm.l(fpclassify.o)
    0x08000edc   0x00000004   PAD
    0x08000ee0   0x00000c38   Code   RO         5766    i.__hardfp_pow      m_wm.l(pow.o)
    0x08001b18   0x0000007a   Code   RO         5780    i.__hardfp_sqrt     m_wm.l(sqrt.o)
    0x08001b92   0x000000f8   Code   RO         6100    i.__kernel_poly     m_wm.l(poly.o)
    0x08001c8a   0x00000006   PAD
    0x08001c90   0x00000030   Code   RO         6078    i.__mathlib_dbl_divzero  m_wm.l(dunder.o)
    0x08001cc0   0x00000014   Code   RO         6080    i.__mathlib_dbl_infnan2  m_wm.l(dunder.o)
    0x08001cd4   0x00000004   PAD
    0x08001cd8   0x00000020   Code   RO         6081    i.__mathlib_dbl_invalid  m_wm.l(dunder.o)
    0x08001cf8   0x00000020   Code   RO         6082    i.__mathlib_dbl_overflow  m_wm.l(dunder.o)
    0x08001d18   0x00000020   Code   RO         6084    i.__mathlib_dbl_underflow  m_wm.l(dunder.o)
    0x08001d38   0x0000000e   Code   RO         6156    i.__scatterload_copy  mc_w.l(handlers.o)
    0x08001d46   0x00000002   Code   RO         6157    i.__scatterload_null  mc_w.l(handlers.o)
    0x08001d48   0x0000000e   Code   RO         6158    i.__scatterload_zeroinit  mc_w.l(handlers.o)
    0x08001d56   0x00000002   PAD
    0x08001d58   0x0000000c   Code   RO         6128    i.__set_errno       mc_w.l(errno.o)
    0x08001d64   0x00000164   Code   RO         6043    i._fp_digits        mc_w.l(printfa.o)
    0x08001ec8   0x000006dc   Code   RO         6044    i._printf_core      mc_w.l(printfa.o)
    0x080025a4   0x00000024   Code   RO         6045    i._printf_post_padding  mc_w.l(printfa.o)
    0x080025c8   0x0000002e   Code   RO         6046    i._printf_pre_padding  mc_w.l(printfa.o)
    0x080025f6   0x0000002a   Code   RO          510    i.adc_calibration_enable  gd32f30x_adc.o
    0x08002620   0x00000046   Code   RO          511    i.adc_channel_length_config  gd32f30x_adc.o
    0x08002666   0x00000002   PAD
    0x08002668   0x000000c8   Code   RO         4489    i.adc_config        adc.o
    0x08002730   0x00000016   Code   RO          512    i.adc_data_alignment_config  gd32f30x_adc.o
    0x08002746   0x00000012   Code   RO          518    i.adc_enable        gd32f30x_adc.o
    0x08002758   0x0000003e   Code   RO          519    i.adc_external_trigger_config  gd32f30x_adc.o
    0x08002796   0x00000030   Code   RO          520    i.adc_external_trigger_source_config  gd32f30x_adc.o
    0x080027c6   0x00000008   Code   RO          521    i.adc_flag_clear    gd32f30x_adc.o
    0x080027ce   0x0000000e   Code   RO          522    i.adc_flag_get      gd32f30x_adc.o
    0x080027dc   0x00000014   Code   RO         4490    i.adc_gpio_config   adc.o
    0x080027f0   0x00000074   Code   RO          523    i.adc_inserted_channel_config  gd32f30x_adc.o
    0x08002864   0x0000002e   Code   RO          525    i.adc_inserted_data_read  gd32f30x_adc.o
    0x08002892   0x0000002c   Code   RO          527    i.adc_interrupt_enable  gd32f30x_adc.o
    0x080028be   0x00000008   Code   RO          528    i.adc_interrupt_flag_clear  gd32f30x_adc.o
    0x080028c6   0x00000002   PAD
    0x080028c8   0x0000001c   Code   RO          530    i.adc_mode_config   gd32f30x_adc.o
    0x080028e4   0x0000003a   Code   RO          531    i.adc_oversample_mode_config  gd32f30x_adc.o
    0x0800291e   0x0000000e   Code   RO          533    i.adc_oversample_mode_enable  gd32f30x_adc.o
    0x0800292c   0x000000ac   Code   RO          534    i.adc_regular_channel_config  gd32f30x_adc.o
    0x080029d8   0x0000001e   Code   RO          537    i.adc_software_trigger_enable  gd32f30x_adc.o
    0x080029f6   0x0000005a   Code   RO          538    i.adc_special_function_config  gd32f30x_adc.o
    0x08002a50   0x00000094   Code   RO          140    i.applyFilter       main.o
    0x08002ae4   0x00000040   Code   RO          141    i.calculate_NN50    main.o
    0x08002b24   0x00000024   Code   RO          142    i.calculate_PNN50   main.o
    0x08002b48   0x000000bc   Code   RO          143    i.calculate_RMSSD   main.o
    0x08002c04   0x000000f8   Code   RO          144    i.calculate_SD      main.o
    0x08002cfc   0x000001fc   Code   RO          145    i.calculate_heart   main.o
    0x08002ef8   0x000001d4   Code   RO          146    i.calculate_hrv     main.o
    0x080030cc   0x00000014   Code   RO          358    i.delay_1ms         systick.o
    0x080030e0   0x00000018   Code   RO          359    i.delay_decrement   systick.o
    0x080030f8   0x0000003c   Code   RO         4462    i.delay_ms          delay.o
    0x08003134   0x00000018   Code   RO         6094    i.fabs              m_wm.l(fabs.o)
    0x0800314c   0x000000ec   Code   RO          147    i.find_peak         main.o
    0x08003238   0x00000034   Code   RO         4412    i.fputc             uart.o
    0x0800326c   0x00000028   Code   RO         4598    i.gd_i2c_deinit     gd_i2c.o
    0x08003294   0x00000012   Code   RO         4599    i.gd_i2c_delayms    gd_i2c.o
    0x080032a6   0x00000016   Code   RO         4600    i.gd_i2c_delayus    gd_i2c.o
    0x080032bc   0x00000040   Code   RO         4601    i.gd_i2c_flag_check  gd_i2c.o
    0x080032fc   0x00000064   Code   RO         4602    i.gd_i2c_init       gd_i2c.o
    0x08003360   0x0000019c   Code   RO         4603    i.gd_i2c_read       gd_i2c.o
    0x080034fc   0x000000bc   Code   RO         2199    i.gpio_init         gd32f30x_gpio.o
    0x080035b8   0x00000018   Code   RO         2316    i.i2c_ack_config    gd32f30x_i2c.o
    0x080035d0   0x00000016   Code   RO         2317    i.i2c_ackpos_config  gd32f30x_i2c.o
    0x080035e6   0x00000002   PAD
    0x080035e8   0x00000140   Code   RO         2318    i.i2c_clock_config  gd32f30x_i2c.o
    0x08003728   0x00000008   Code   RO         2319    i.i2c_data_receive  gd32f30x_i2c.o
    0x08003730   0x00000006   Code   RO         2320    i.i2c_data_transmit  gd32f30x_i2c.o
    0x08003736   0x00000002   PAD
    0x08003738   0x00000040   Code   RO         2321    i.i2c_deinit        gd32f30x_i2c.o
    0x08003778   0x0000000a   Code   RO         2322    i.i2c_disable       gd32f30x_i2c.o
    0x08003782   0x0000000a   Code   RO         2327    i.i2c_enable        gd32f30x_i2c.o
    0x0800378c   0x00000028   Code   RO         2328    i.i2c_flag_clear    gd32f30x_i2c.o
    0x080037b4   0x0000001e   Code   RO         2329    i.i2c_flag_get      gd32f30x_i2c.o
    0x080037d2   0x00000014   Code   RO         2334    i.i2c_master_addressing  gd32f30x_i2c.o
    0x080037e6   0x0000001c   Code   RO         2335    i.i2c_mode_addr_config  gd32f30x_i2c.o
    0x08003802   0x0000000a   Code   RO         2344    i.i2c_start_on_bus  gd32f30x_i2c.o
    0x0800380c   0x0000000a   Code   RO         2345    i.i2c_stop_on_bus   gd32f30x_i2c.o
    0x08003816   0x00000002   PAD
    0x08003818   0x00000018   Code   RO          148    i.initFilter        main.o
    0x08003830   0x00000090   Code   RO          149    i.insert_alternate_min_max  main.o
    0x080038c0   0x00000012   Code   RO          150    i.kalman_init       main.o
    0x080038d2   0x00000002   PAD
    0x080038d4   0x00000020   Code   RO          152    i.low_pass_filter   main.o
    0x080038f4   0x00000060   Code   RO          153    i.main              main.o
    0x08003954   0x00000002   Code   RO         4686    i.mlx90614_Init     mlx90614.o
    0x08003956   0x00000002   PAD
    0x08003958   0x00000084   Code   RO          154    i.moving_average_filter  main.o
    0x080039dc   0x000000c4   Code   RO         2517    i.nvic_irq_enable   gd32f30x_misc.o
    0x08003aa0   0x00000014   Code   RO         2518    i.nvic_priority_group_set  gd32f30x_misc.o
    0x08003ab4   0x000000b4   Code   RO         4491    i.ppg_adc_config    adc.o
    0x08003b68   0x000000c0   Code   RO         5147    i.prvAddCurrentTaskToDelayedList  tasks.o
    0x08003c28   0x000000e4   Code   RO         5148    i.prvAddNewTaskToReadyList  tasks.o
    0x08003d0c   0x0000004c   Code   RO         5472    i.prvCheckForValidListAndQueue  timers.o
    0x08003d58   0x00000048   Code   RO         5149    i.prvCheckTasksWaitingTermination  tasks.o
    0x08003da0   0x0000002a   Code   RO         4851    i.prvCopyDataFromQueue  queue.o
    0x08003dca   0x00000012   Code   RO         5150    i.prvDeleteTCB      tasks.o
    0x08003ddc   0x00000028   Code   RO         5473    i.prvGetNextExpireTime  timers.o
    0x08003e04   0x00000070   Code   RO         5628    i.prvHeapInit       heap_4.o
    0x08003e74   0x00000028   Code   RO         5151    i.prvIdleTask       tasks.o
    0x08003e9c   0x00000026   Code   RO         4855    i.prvInitialiseNewQueue  queue.o
    0x08003ec2   0x000000c2   Code   RO         5152    i.prvInitialiseNewTask  tasks.o
    0x08003f84   0x00000068   Code   RO         5153    i.prvInitialiseTaskLists  tasks.o
    0x08003fec   0x00000068   Code   RO         5629    i.prvInsertBlockIntoFreeList  heap_4.o
    0x08004054   0x00000058   Code   RO         5475    i.prvInsertTimerInActiveList  timers.o
    0x080040ac   0x0000001a   Code   RO         4856    i.prvIsQueueEmpty   queue.o
    0x080040c6   0x00000002   PAD
    0x080040c8   0x00000044   Code   RO         5476    i.prvProcessExpiredTimer  timers.o
    0x0800410c   0x0000011c   Code   RO         5477    i.prvProcessReceivedCommands  timers.o
    0x08004228   0x00000074   Code   RO         5478    i.prvProcessTimerOrBlockTask  timers.o
    0x0800429c   0x00000028   Code   RO         5479    i.prvReloadTimer    timers.o
    0x080042c4   0x00000030   Code   RO         5154    i.prvResetNextTaskUnblockTime  tasks.o
    0x080042f4   0x0000002c   Code   RO         5480    i.prvSampleTimeNow  timers.o
    0x08004320   0x00000044   Code   RO         5481    i.prvSwitchTimerLists  timers.o
    0x08004364   0x00000040   Code   RO         5690    i.prvTaskExitError  port.o
    0x080043a4   0x0000001a   Code   RO         5482    i.prvTimerTask      timers.o
    0x080043be   0x0000007e   Code   RO         4858    i.prvUnlockQueue    queue.o
    0x0800443c   0x0000012c   Code   RO         5631    i.pvPortMalloc      heap_4.o
    0x08004568   0x0000002c   Code   RO         5691    i.pxPortInitialiseStack  port.o
    0x08004594   0x0000006c   Code   RO         2707    i.rcu_adc_clock_config  gd32f30x_rcu.o
    0x08004600   0x00000158   Code   RO         2716    i.rcu_clock_freq_get  gd32f30x_rcu.o
    0x08004758   0x0000001a   Code   RO         4492    i.rcu_config        adc.o
    0x08004772   0x00000002   PAD
    0x08004774   0x00000020   Code   RO         2733    i.rcu_periph_clock_disable  gd32f30x_rcu.o
    0x08004794   0x00000020   Code   RO         2734    i.rcu_periph_clock_enable  gd32f30x_rcu.o
    0x080047b4   0x00000020   Code   RO         2737    i.rcu_periph_reset_disable  gd32f30x_rcu.o
    0x080047d4   0x00000020   Code   RO         2738    i.rcu_periph_reset_enable  gd32f30x_rcu.o
    0x080047f4   0x00000070   Code   RO         4413    i.send_at_command   uart.o
    0x08004864   0x0000006e   Code   RO         5782    i.sqrt              m_wm.l(sqrt.o)
    0x080048d2   0x00000002   PAD
    0x080048d4   0x00000030   Code   RO          155    i.start_os          main.o
    0x08004904   0x00000088   Code   RO          156    i.start_task        main.o
    0x0800498c   0x00000114   Code   RO          470    i.system_clock_120m_hxtal  system_gd32f30x.o
    0x08004aa0   0x00000008   Code   RO          471    i.system_clock_config  system_gd32f30x.o
    0x08004aa8   0x00000050   Code   RO          360    i.systick_config    systick.o
    0x08004af8   0x0000022c   Code   RO          157    i.task1             main.o
    0x08004d24   0x000000a0   Code   RO          158    i.task2             main.o
    0x08004dc4   0x0000001c   Code   RO          159    i.task3             main.o
    0x08004de0   0x00000064   Code   RO         4552    i.timer3_config     timer.o
    0x08004e44   0x0000000a   Code   RO         3592    i.timer_auto_reload_shadow_enable  gd32f30x_timer.o
    0x08004e4e   0x00000002   PAD
    0x08004e50   0x000001ec   Code   RO         3609    i.timer_channel_output_config  gd32f30x_timer.o
    0x0800503c   0x0000005a   Code   RO         3611    i.timer_channel_output_mode_config  gd32f30x_timer.o
    0x08005096   0x00000026   Code   RO         3613    i.timer_channel_output_pulse_value_config  gd32f30x_timer.o
    0x080050bc   0x0000005a   Code   RO         3614    i.timer_channel_output_shadow_config  gd32f30x_timer.o
    0x08005116   0x00000010   Code   RO         3616    i.timer_channel_output_struct_para_init  gd32f30x_timer.o
    0x08005126   0x000000a0   Code   RO         4553    i.timer_config      timer.o
    0x080051c6   0x00000002   PAD
    0x080051c8   0x000000dc   Code   RO         3622    i.timer_deinit      gd32f30x_timer.o
    0x080052a4   0x0000000a   Code   RO         3627    i.timer_enable      gd32f30x_timer.o
    0x080052ae   0x00000002   PAD
    0x080052b0   0x00000098   Code   RO         3637    i.timer_init        gd32f30x_timer.o
    0x08005348   0x00000008   Code   RO         3644    i.timer_interrupt_enable  gd32f30x_timer.o
    0x08005350   0x00000006   Code   RO         3645    i.timer_interrupt_flag_clear  gd32f30x_timer.o
    0x08005356   0x00000018   Code   RO         3646    i.timer_interrupt_flag_get  gd32f30x_timer.o
    0x0800536e   0x00000002   PAD
    0x08005370   0x000001ac   Code   RO          160    i.update_breath     main.o
    0x0800551c   0x00000090   Code   RO         4032    i.usart_baudrate_set  gd32f30x_usart.o
    0x080055ac   0x0000000a   Code   RO         4035    i.usart_data_receive  gd32f30x_usart.o
    0x080055b6   0x00000008   Code   RO         4036    i.usart_data_transmit  gd32f30x_usart.o
    0x080055be   0x00000002   PAD
    0x080055c0   0x00000090   Code   RO         4037    i.usart_deinit      gd32f30x_usart.o
    0x08005650   0x0000000a   Code   RO         4041    i.usart_enable      gd32f30x_usart.o
    0x0800565a   0x0000001e   Code   RO         4043    i.usart_flag_get    gd32f30x_usart.o
    0x08005678   0x00000010   Code   RO         4047    i.usart_hardware_flow_cts_config  gd32f30x_usart.o
    0x08005688   0x00000010   Code   RO         4048    i.usart_hardware_flow_rts_config  gd32f30x_usart.o
    0x08005698   0x0000001a   Code   RO         4050    i.usart_interrupt_enable  gd32f30x_usart.o
    0x080056b2   0x00000038   Code   RO         4052    i.usart_interrupt_flag_get  gd32f30x_usart.o
    0x080056ea   0x00000010   Code   RO         4063    i.usart_parity_config  gd32f30x_usart.o
    0x080056fa   0x00000010   Code   RO         4065    i.usart_receive_config  gd32f30x_usart.o
    0x0800570a   0x00000010   Code   RO         4075    i.usart_stop_bit_set  gd32f30x_usart.o
    0x0800571a   0x00000010   Code   RO         4079    i.usart_transmit_config  gd32f30x_usart.o
    0x0800572a   0x00000010   Code   RO         4080    i.usart_word_length_set  gd32f30x_usart.o
    0x0800573a   0x00000028   Code   RO         4815    i.uxListRemove      list.o
    0x08005762   0x0000001a   Code   RO         4816    i.vListInitialise   list.o
    0x0800577c   0x00000006   Code   RO         4817    i.vListInitialiseItem  list.o
    0x08005782   0x00000034   Code   RO         4818    i.vListInsert       list.o
    0x080057b6   0x00000018   Code   RO         4819    i.vListInsertEnd    list.o
    0x080057ce   0x00000002   PAD
    0x080057d0   0x00000054   Code   RO         5693    i.vPortEnterCritical  port.o
    0x08005824   0x0000003c   Code   RO         5694    i.vPortExitCritical  port.o
    0x08005860   0x0000008c   Code   RO         5632    i.vPortFree         heap_4.o
    0x080058ec   0x00000028   Code   RO         5695    i.vPortSetupTimerInterrupt  port.o
    0x08005914   0x0000004a   Code   RO         4863    i.vQueueWaitForMessageRestricted  queue.o
    0x0800595e   0x00000002   PAD
    0x08005960   0x0000005c   Code   RO         5163    i.vTaskDelay        tasks.o
    0x080059bc   0x000000fc   Code   RO         5164    i.vTaskDelete       tasks.o
    0x08005ab8   0x00000018   Code   RO         5167    i.vTaskInternalSetTimeOutState  tasks.o
    0x08005ad0   0x0000000c   Code   RO         5168    i.vTaskMissedYield  tasks.o
    0x08005adc   0x00000038   Code   RO         5169    i.vTaskPlaceOnEventList  tasks.o
    0x08005b14   0x00000064   Code   RO         5170    i.vTaskPlaceOnEventListRestricted  tasks.o
    0x08005b78   0x0000009c   Code   RO         5177    i.vTaskStartScheduler  tasks.o
    0x08005c14   0x00000010   Code   RO         5179    i.vTaskSuspendAll   tasks.o
    0x08005c24   0x0000008c   Code   RO         5180    i.vTaskSwitchContext  tasks.o
    0x08005cb0   0x00000168   Code   RO         5697    i.xPortStartScheduler  port.o
    0x08005e18   0x00000034   Code   RO         5698    i.xPortSysTickHandler  port.o
    0x08005e4c   0x00000066   Code   RO         4865    i.xQueueGenericCreate  queue.o
    0x08005eb2   0x00000002   PAD
    0x08005eb4   0x000000dc   Code   RO         4866    i.xQueueGenericReset  queue.o
    0x08005f90   0x00000168   Code   RO         4874    i.xQueueReceive     queue.o
    0x080060f8   0x00000090   Code   RO         5182    i.xTaskCheckForTimeOut  tasks.o
    0x08006188   0x00000068   Code   RO         5183    i.xTaskCreate       tasks.o
    0x080061f0   0x00000020   Code   RO         5190    i.xTaskGetSchedulerState  tasks.o
    0x08006210   0x0000000c   Code   RO         5191    i.xTaskGetTickCount  tasks.o
    0x0800621c   0x000001bc   Code   RO         5193    i.xTaskIncrementTick  tasks.o
    0x080063d8   0x00000120   Code   RO         5196    i.xTaskRemoveFromEventList  tasks.o
    0x080064f8   0x00000178   Code   RO         5197    i.xTaskResumeAll    tasks.o
    0x08006670   0x00000058   Code   RO         5488    i.xTimerCreateTimerTask  timers.o
    0x080066c8   0x00000088   Data   RO         5769    .constdata          m_wm.l(pow.o)
    0x08006750   0x00000008   Data   RO         6102    .constdata          m_wm.l(qnan.o)
    0x08006758   0x00000020   Data   RO         6154    Region$$Table       anon$$obj.o


    Execution Region RW_IRAM1 (Base: 0x20000000, Size: 0x00004cf0, Max: 0x0000c000, ABSOLUTE, COMPRESSED[0x00000018])

    Base Addr    Size         Type   Attr      Idx    E Section Name        Object

    0x20000000   0x000000d1   Data   RW          163    .data               main.o
    0x200000d1   0x00000003   PAD
    0x200000d4   0x00000004   Data   RW          361    .data               systick.o
    0x200000d8   0x00000004   Data   RW          472    .data               system_gd32f30x.o
    0x200000dc   0x00000004   Data   RW         4415    .data               uart.o
    0x200000e0   0x00000001   Data   RW         4609    .data               gd_i2c.o
    0x200000e1   0x00000003   PAD
    0x200000e4   0x00000040   Data   RW         5200    .data               tasks.o
    0x20000124   0x00000014   Data   RW         5496    .data               timers.o
    0x20000138   0x0000001c   Data   RW         5638    .data               heap_4.o
    0x20000154   0x0000000c   Data   RW         5699    .data               port.o
    0x20000160   0x00000004   Data   RW         6117    .data               mc_w.l(stdout.o)
    0x20000164   0x00000004   Data   RW         6129    .data               mc_w.l(errno.o)
    0x20000168   0x00000190   Zero   RW          161    .bss                main.o
    0x200002f8   0x000000c8   Zero   RW         4414    .bss                uart.o
    0x200003c0   0x00000104   Zero   RW         5199    .bss                tasks.o
    0x200004c4   0x00000028   Zero   RW         5495    .bss                timers.o
    0x200004ec   0x00004400   Zero   RW         5637    .bss                heap_4.o
    0x200048ec   0x00000004   PAD
    0x200048f0   0x00000400   Zero   RW         4399    STACK               startup_gd32f30x_xd.o


==============================================================================

Image component sizes


      Code (inc. data)   RO Data    RW Data    ZI Data      Debug   Object Name

       518         38          0          0          0       4013   adc.o
        60          6          0          0          0        591   delay.o
         0          0          0          0          0      12304   event_groups.o
         0          0          0          0          0      53972   gd32f303c_bia.o
       890          6          0          0          0      12667   gd32f30x_adc.o
         0          0          0          0          0       1452   gd32f30x_can.o
       188          0          0          0          0        908   gd32f30x_gpio.o
       602         18          0          0          0       9403   gd32f30x_i2c.o
        40          0          0          0          0       3707   gd32f30x_it.o
       216         20          0          0          0       1484   gd32f30x_misc.o
       580         72          0          0          0       4430   gd32f30x_rcu.o
      1156         48          0          0          0       8914   gd32f30x_timer.o
       540         16          0          0          0      10159   gd32f30x_usart.o
       656         34          0          1          0       5046   gd_i2c.o
       656         58          0         28      17408       5459   heap_4.o
       148          0          0          0          0       3606   list.o
      3730        658          0        209        400      35681   main.o
       408         22          0          0          0       3570   mlx90614.o
       894         78          0         12          0      11356   port.o
       988         10          0          0          0      11380   queue.o
        36          8        304          0       1024        876   startup_gd32f30x_xd.o
       408         32          0          4          0       2727   system_gd32f30x.o
       164         24          0          4          0      29306   systick.o
      3144        384          0         64        260      29096   tasks.o
       260          4          0          0          0       1343   timer.o
       938        102          0         20         40      24080   timers.o
       652         96          0          4        200       4449   uart.o

    ----------------------------------------------------------------------
     17910       1734        336        352      19336     291979   Object Totals
         0          0         32          0          0          0   (incl. Generated)
        38          0          0          6          4          0   (incl. Padding)

    ----------------------------------------------------------------------

      Code (inc. data)   RO Data    RW Data    ZI Data      Debug   Library Member Name

       164         44          0          0          0        620   dunder.o
        24          0          0          0          0        124   fabs.o
        48          0          0          0          0        124   fpclassify.o
       248          0          0          0          0        152   poly.o
      3128        302        136          0          0        356   pow.o
         0          0          8          0          0          0   qnan.o
       232          0          0          0          0        296   sqrt.o
        58          0          0          0          0          0   __dczerorl.o
         0          0          0          0          0          0   entry.o
         0          0          0          0          0          0   entry10a.o
         0          0          0          0          0          0   entry11a.o
         8          4          0          0          0          0   entry2.o
         4          0          0          0          0          0   entry5.o
         0          0          0          0          0          0   entry7b.o
         0          0          0          0          0          0   entry8b.o
         8          4          0          0          0          0   entry9a.o
        12          6          0          4          0         68   errno.o
        30          0          0          0          0          0   handlers.o
        36          8          0          0          0         68   init.o
         0          0          0          0          0          0   iusefp.o
        30          0          0          0          0         68   llshl.o
        36          0          0          0          0         68   llsshr.o
        32          0          0          0          0         68   llushr.o
        36          0          0          0          0         68   memcpya.o
        36          0          0          0          0        108   memseta.o
      2226         90          0          0          0        444   printfa.o
         0          0          0          4          0          0   stdout.o
        44          0          0          0          0         80   uidiv.o
        98          0          0          0          0         92   uldiv.o
        48          0          0          0          0         68   cdrcmple.o
        56          0          0          0          0         88   d2f.o
       334          0          0          0          0        148   dadd.o
       222          0          0          0          0        100   ddiv.o
       186          0          0          0          0        176   depilogue.o
        48          0          0          0          0         68   dfixul.o
        34          0          0          0          0         76   dflti.o
        26          0          0          0          0         76   dfltui.o
       228          0          0          0          0         96   dmul.o
        46          0          0          0          0         80   dscalb.o
       162          0          0          0          0        100   dsqrt.o
        38          0          0          0          0         68   f2d.o
       110          0          0          0          0        168   fepilogue.o

    ----------------------------------------------------------------------
      8098        458        144          8          0       4116   Library Totals
        22          0          0          0          0          0   (incl. Padding)

    ----------------------------------------------------------------------

      Code (inc. data)   RO Data    RW Data    ZI Data      Debug   Library Name

      3844        346        144          0          0       1672   m_wm.l
      2694        112          0          8          0       1132   mc_w.l
      1538          0          0          0          0       1312   mf_w.l

    ----------------------------------------------------------------------
      8098        458        144          8          0       4116   Library Totals

    ----------------------------------------------------------------------

==============================================================================


      Code (inc. data)   RO Data    RW Data    ZI Data      Debug   

     26008       2192        480        360      19336     276531   Grand Totals
     26008       2192        480         24      19336     276531   ELF Image Totals (compressed)
     26008       2192        480         24          0          0   ROM Totals

==============================================================================

    Total RO  Size (Code + RO Data)                26488 (  25.87kB)
    Total RW  Size (RW Data + ZI Data)             19696 (  19.23kB)
    Total ROM Size (Code + RO Data + RW Data)      26512 (  25.89kB)

==============================================================================

