<html>
<body>
<pre>
<h1>礦ision Build Log</h1>
<h2>Tool Versions:</h2>
IDE-Version: μVision V5.14.0.0
Copyright (C) 2015 ARM Ltd and ARM Germany GmbH. All rights reserved.
License Information: b b, b, LIC=8MZI6-DU2GN-5B5EB-2WM1H-Y4SU4-FLSSD
 
Tool Versions:
Toolchain:       MDK-ARM Professional  Version: 5.14.0.0
Toolchain Path:  C:\Keil_v5\ARM\ARMCC\Bin
C Compiler:      Armcc.exe V5.05 update 1 (build 106)
Assembler:       Armasm.exe V5.05 update 1 (build 106)
Linker/Locator:  ArmLink.exe V5.05 update 1 (build 106)
Library Manager: ArmAr.exe V5.05 update 1 (build 106)
Hex Converter:   FromElf.exe V5.05 update 1 (build 106)
CPU DLL:         SARMCM3.DLL V5.14.0.0
Dialog DLL:      DCM.DLL V1.13.1.0
Target DLL:      Segger\JL2CM3.dll V2.99.13.0
Dialog DLL:      TCM.DLL V1.14.4.0
 
<h2>Project:</h2>
D:\bia\mdk_code\bia_GD32F303CCT6\05_健康检测集成_RTOS模板\健康检测集成_8RTOS模板优化\project\template.uvprojx
Project File Date:  07/17/2024

<h2>Output:</h2>
Build target 'Target 1'
compiling main.c...
linking...
Program Size: Code=26008 RO-data=480 RW-data=360 ZI-data=19336  
FromELF: creating hex file...
".\Objects\template.axf" - 0 Error(s), 0 Warning(s).

<h2>Collection of Component include folders:</h2>
  D:\bia\mdk_code\bia_GD32F303CCT6\05_健康检测集成_RTOS模板\健康检测集成_8RTOS模板优化\project\RTE
  C:\Keil_v5\ARM\PACK\GigaDevice\GD32F30x_DFP\2.2.3

<h2>Collection of Component Files used:</h2>
</pre>
</body>
</html>
